Archive member included to satisfy reference by file (symbol)

d:/ac6/systemworkbench/plugins/fr.ac6.mcu.externaltools.arm-none.win32_1.17.0.201812190825/tools/compiler/bin/../lib/gcc/arm-none-eabi/7.3.1/thumb/v7e-m/fpv4-sp/hard\libgcc.a(_aeabi_uldivmod.o)
                              Drivers/STM32F4xx_HAL_Driver/Src/stm32f4xx_hal_rcc.o (__aeabi_uldivmod)
d:/ac6/systemworkbench/plugins/fr.ac6.mcu.externaltools.arm-none.win32_1.17.0.201812190825/tools/compiler/bin/../lib/gcc/arm-none-eabi/7.3.1/thumb/v7e-m/fpv4-sp/hard\libgcc.a(_udivmoddi4.o)
                              d:/ac6/systemworkbench/plugins/fr.ac6.mcu.externaltools.arm-none.win32_1.17.0.201812190825/tools/compiler/bin/../lib/gcc/arm-none-eabi/7.3.1/thumb/v7e-m/fpv4-sp/hard\libgcc.a(_aeabi_uldivmod.o) (__udivmoddi4)
d:/ac6/systemworkbench/plugins/fr.ac6.mcu.externaltools.arm-none.win32_1.17.0.201812190825/tools/compiler/bin/../lib/gcc/arm-none-eabi/7.3.1/thumb/v7e-m/fpv4-sp/hard\libgcc.a(_dvmd_tls.o)
                              d:/ac6/systemworkbench/plugins/fr.ac6.mcu.externaltools.arm-none.win32_1.17.0.201812190825/tools/compiler/bin/../lib/gcc/arm-none-eabi/7.3.1/thumb/v7e-m/fpv4-sp/hard\libgcc.a(_aeabi_uldivmod.o) (__aeabi_ldiv0)
d:/ac6/systemworkbench/plugins/fr.ac6.mcu.externaltools.arm-none.win32_1.17.0.201812190825/tools/compiler/bin/../lib/gcc/arm-none-eabi/7.3.1/../../../../arm-none-eabi/lib/thumb/v7e-m/fpv4-sp/hard\libc_nano.a(lib_a-exit.o)
                              d:/ac6/systemworkbench/plugins/fr.ac6.mcu.externaltools.arm-none.win32_1.17.0.201812190825/tools/compiler/bin/../lib/gcc/arm-none-eabi/7.3.1/../../../../arm-none-eabi/lib/thumb/v7e-m/fpv4-sp/hard/crt0.o (exit)
d:/ac6/systemworkbench/plugins/fr.ac6.mcu.externaltools.arm-none.win32_1.17.0.201812190825/tools/compiler/bin/../lib/gcc/arm-none-eabi/7.3.1/../../../../arm-none-eabi/lib/thumb/v7e-m/fpv4-sp/hard\libc_nano.a(lib_a-impure.o)
                              d:/ac6/systemworkbench/plugins/fr.ac6.mcu.externaltools.arm-none.win32_1.17.0.201812190825/tools/compiler/bin/../lib/gcc/arm-none-eabi/7.3.1/../../../../arm-none-eabi/lib/thumb/v7e-m/fpv4-sp/hard\libc_nano.a(lib_a-exit.o) (_global_impure_ptr)
d:/ac6/systemworkbench/plugins/fr.ac6.mcu.externaltools.arm-none.win32_1.17.0.201812190825/tools/compiler/bin/../lib/gcc/arm-none-eabi/7.3.1/../../../../arm-none-eabi/lib/thumb/v7e-m/fpv4-sp/hard\libc_nano.a(lib_a-init.o)
                              d:/ac6/systemworkbench/plugins/fr.ac6.mcu.externaltools.arm-none.win32_1.17.0.201812190825/tools/compiler/bin/../lib/gcc/arm-none-eabi/7.3.1/../../../../arm-none-eabi/lib/thumb/v7e-m/fpv4-sp/hard/crt0.o (__libc_init_array)
d:/ac6/systemworkbench/plugins/fr.ac6.mcu.externaltools.arm-none.win32_1.17.0.201812190825/tools/compiler/bin/../lib/gcc/arm-none-eabi/7.3.1/../../../../arm-none-eabi/lib/thumb/v7e-m/fpv4-sp/hard\libc_nano.a(lib_a-malloc.o)
                              Src/Stored_Data_Transmission_functional_unit.o (malloc)
d:/ac6/systemworkbench/plugins/fr.ac6.mcu.externaltools.arm-none.win32_1.17.0.201812190825/tools/compiler/bin/../lib/gcc/arm-none-eabi/7.3.1/../../../../arm-none-eabi/lib/thumb/v7e-m/fpv4-sp/hard\libc_nano.a(lib_a-memcpy-stub.o)
                              Src/Data_Transmission_functional_unit.o (memcpy)
d:/ac6/systemworkbench/plugins/fr.ac6.mcu.externaltools.arm-none.win32_1.17.0.201812190825/tools/compiler/bin/../lib/gcc/arm-none-eabi/7.3.1/../../../../arm-none-eabi/lib/thumb/v7e-m/fpv4-sp/hard\libc_nano.a(lib_a-memset.o)
                              d:/ac6/systemworkbench/plugins/fr.ac6.mcu.externaltools.arm-none.win32_1.17.0.201812190825/tools/compiler/bin/../lib/gcc/arm-none-eabi/7.3.1/../../../../arm-none-eabi/lib/thumb/v7e-m/fpv4-sp/hard/crt0.o (memset)
d:/ac6/systemworkbench/plugins/fr.ac6.mcu.externaltools.arm-none.win32_1.17.0.201812190825/tools/compiler/bin/../lib/gcc/arm-none-eabi/7.3.1/../../../../arm-none-eabi/lib/thumb/v7e-m/fpv4-sp/hard\libc_nano.a(lib_a-nano-freer.o)
                              d:/ac6/systemworkbench/plugins/fr.ac6.mcu.externaltools.arm-none.win32_1.17.0.201812190825/tools/compiler/bin/../lib/gcc/arm-none-eabi/7.3.1/../../../../arm-none-eabi/lib/thumb/v7e-m/fpv4-sp/hard\libc_nano.a(lib_a-malloc.o) (_free_r)
d:/ac6/systemworkbench/plugins/fr.ac6.mcu.externaltools.arm-none.win32_1.17.0.201812190825/tools/compiler/bin/../lib/gcc/arm-none-eabi/7.3.1/../../../../arm-none-eabi/lib/thumb/v7e-m/fpv4-sp/hard\libc_nano.a(lib_a-nano-mallocr.o)
                              d:/ac6/systemworkbench/plugins/fr.ac6.mcu.externaltools.arm-none.win32_1.17.0.201812190825/tools/compiler/bin/../lib/gcc/arm-none-eabi/7.3.1/../../../../arm-none-eabi/lib/thumb/v7e-m/fpv4-sp/hard\libc_nano.a(lib_a-malloc.o) (_malloc_r)
d:/ac6/systemworkbench/plugins/fr.ac6.mcu.externaltools.arm-none.win32_1.17.0.201812190825/tools/compiler/bin/../lib/gcc/arm-none-eabi/7.3.1/../../../../arm-none-eabi/lib/thumb/v7e-m/fpv4-sp/hard\libc_nano.a(lib_a-sbrkr.o)
[...]
Memory Configuration

Name             Origin             Length             Attributes
RAM              0x20000000         0x00020000         xrw
FLASH            0x08000000         0x00080000         xr
*default*        0x00000000         0xffffffff

Linker script and memory map

LOAD d:/ac6/systemworkbench/plugins/fr.ac6.mcu.externaltools.arm-none.win32_1.17.0.201812190825/tools/compiler/bin/../lib/gcc/arm-none-eabi/7.3.1/thumb/v7e-m/fpv4-sp/hard/crti.o
LOAD d:/ac6/systemworkbench/plugins/fr.ac6.mcu.externaltools.arm-none.win32_1.17.0.201812190825/tools/compiler/bin/../lib/gcc/arm-none-eabi/7.3.1/thumb/v7e-m/fpv4-sp/hard/crtbegin.o
LOAD d:/ac6/systemworkbench/plugins/fr.ac6.mcu.externaltools.arm-none.win32_1.17.0.201812190825/tools/compiler/bin/../lib/gcc/arm-none-eabi/7.3.1/../../../../arm-none-eabi/lib/thumb/v7e-m/fpv4-sp/hard/crt0.o
LOAD Drivers/STM32F4xx_HAL_Driver/Src/stm32f4xx_hal.o
LOAD Drivers/STM32F4xx_HAL_Driver/Src/stm32f4xx_hal_can.o
LOAD Drivers/STM32F4xx_HAL_Driver/Src/stm32f4xx_hal_cortex.o
LOAD Drivers/STM32F4xx_HAL_Driver/Src/stm32f4xx_hal_dma.o
LOAD Drivers/STM32F4xx_HAL_Driver/Src/stm32f4xx_hal_dma_ex.o
LOAD Drivers/STM32F4xx_HAL_Driver/Src/stm32f4xx_hal_flash.o
LOAD Drivers/STM32F4xx_HAL_Driver/Src/stm32f4xx_hal_flash_ex.o
LOAD Drivers/STM32F4xx_HAL_Driver/Src/stm32f4xx_hal_flash_ramfunc.o
LOAD Drivers/STM32F4xx_HAL_Driver/Src/stm32f4xx_hal_gpio.o
LOAD Drivers/STM32F4xx_HAL_Driver/Src/stm32f4xx_hal_pwr.o
LOAD Drivers/STM32F4xx_HAL_Driver/Src/stm32f4xx_hal_pwr_ex.o
LOAD Drivers/STM32F4xx_HAL_Driver/Src/stm32f4xx_hal_rcc.o
LOAD Drivers/STM32F4xx_HAL_Driver/Src/stm32f4xx_hal_rcc_ex.o
LOAD Drivers/STM32F4xx_HAL_Driver/Src/stm32f4xx_hal_tim.o
LOAD Drivers/STM32F4xx_HAL_Driver/Src/stm32f4xx_hal_tim_ex.o
LOAD Drivers/STM32F4xx_HAL_Driver/Src/stm32f4xx_hal_uart.o
LOAD Src/Data_Transmission_functional_unit.o
LOAD Src/Diagnostic_Communication_Management_functional_unit.o
LOAD Src/InputOutput_Control_functional_unit.o
LOAD Src/Routine_functional_unit.o
LOAD Src/Stored_Data_Transmission_functional_unit.o
LOAD Src/Upload_Download_functional_unit.o
LOAD Src/it.o
LOAD Src/main.o
LOAD Src/msp.o
LOAD Src/system_stm32f4xx.o
LOAD Src/uds_services.o
LOAD startup/startup_stm32f446xx.o
LOAD d:/ac6/systemworkbench/plugins/fr.ac6.mcu.externaltools.arm-none.win32_1.17.0.201812190825/tools/compiler/bin/../lib/gcc/arm-none-eabi/7.3.1/../../../../arm-none-eabi/lib/thumb/v7e-m/fpv4-sp/hard\libstdc++_nano.a
LOAD d:/ac6/systemworkbench/plugins/fr.ac6.mcu.externaltools.arm-none.win32_1.17.0.201812190825/tools/compiler/bin/../lib/gcc/arm-none-eabi/7.3.1/../../../../arm-none-eabi/lib/thumb/v7e-m/fpv4-sp/hard\libm.a
START GROUP
LOAD d:/ac6/systemworkbench/plugins/fr.ac6.mcu.externaltools.arm-none.win32_1.17.0.201812190825/tools/compiler/bin/../lib/gcc/arm-none-eabi/7.3.1/thumb/v7e-m/fpv4-sp/hard\libgcc.a
LOAD d:/ac6/systemworkbench/plugins/fr.ac6.mcu.externaltools.arm-none.win32_1.17.0.201812190825/tools/compiler/bin/../lib/gcc/arm-none-eabi/7.3.1/../../../../arm-none-eabi/lib/thumb/v7e-m/fpv4-sp/hard\libc_nano.a
END GROUP
START GROUP
LOAD d:/ac6/systemworkbench/plugins/fr.ac6.mcu.externaltools.arm-none.win32_1.17.0.201812190825/tools/compiler/bin/../lib/gcc/arm-none-eabi/7.3.1/thumb/v7e-m/fpv4-sp/hard\libgcc.a
LOAD d:/ac6/systemworkbench/plugins/fr.ac6.mcu.externaltools.arm-none.win32_1.17.0.201812190825/tools/compiler/bin/../lib/gcc/arm-none-eabi/7.3.1/../../../../arm-none-eabi/lib/thumb/v7e-m/fpv4-sp/hard\libc_nano.a
LOAD d:/ac6/systemworkbench/plugins/fr.ac6.mcu.externaltools.arm-none.win32_1.17.0.201812190825/tools/compiler/bin/../lib/gcc/arm-none-eabi/7.3.1/../../../../arm-none-eabi/lib/thumb/v7e-m/fpv4-sp/hard\libnosys.a
END GROUP
START GROUP
LOAD d:/ac6/systemworkbench/plugins/fr.ac6.mcu.externaltools.arm-none.win32_1.17.0.201812190825/tools/compiler/bin/../lib/gcc/arm-none-eabi/7.3.1/thumb/v7e-m/fpv4-sp/hard\libgcc.a
LOAD d:/ac6/systemworkbench/plugins/fr.ac6.mcu.externaltools.arm-none.win32_1.17.0.201812190825/tools/compiler/bin/../lib/gcc/arm-none-eabi/7.3.1/../../../../arm-none-eabi/lib/thumb/v7e-m/fpv4-sp/hard\libc_nano.a
LOAD d:/ac6/systemworkbench/plugins/fr.ac6.mcu.externaltools.arm-none.win32_1.17.0.201812190825/tools/compiler/bin/../lib/gcc/arm-none-eabi/7.3.1/../../../../arm-none-eabi/lib/thumb/v7e-m/fpv4-sp/hard\libnosys.a
END GROUP
LOAD d:/ac6/systemworkbench/plugins/fr.ac6.mcu.externaltools.arm-none.win32_1.17.0.201812190825/tools/compiler/bin/../lib/gcc/arm-none-eabi/7.3.1/thumb/v7e-m/fpv4-sp/hard/crtend.o
LOAD d:/ac6/systemworkbench/plugins/fr.ac6.mcu.externaltools.arm-none.win32_1.17.0.201812190825/tools/compiler/bin/../lib/gcc/arm-none-eabi/7.3.1/thumb/v7e-m/fpv4-sp/hard/crtn.o
                0x20020000                _estack = 0x20020000
                0x00000200                _Min_Heap_Size = 0x200
                0x00000400                _Min_Stack_Size = 0x400

.isr_vector     0x08000000      0x1c4
                0x08000000                . = ALIGN (0x4)
 *(.isr_vector)
 .isr_vector    0x08000000      0x1c4 startup/startup_stm32f446xx.o
                0x08000000                g_pfnVectors
                0x080001c4                . = ALIGN (0x4)

.text           0x080001d0     0x4f24
                0x080001d0                . = ALIGN (0x4)
 *(.text)
 .text          0x080001d0       0x40 d:/ac6/systemworkbench/plugins/fr.ac6.mcu.externaltools.arm-none.win32_1.17.0.201812190825/tools/compiler/bin/../lib/gcc/arm-none-eabi/7.3.1/thumb/v7e-m/fpv4-sp/hard/crtbegin.o
 .text          0x08000210       0x30 d:/ac6/systemworkbench/plugins/fr.ac6.mcu.externaltools.arm-none.win32_1.17.0.201812190825/tools/compiler/bin/../lib/gcc/arm-none-eabi/7.3.1/thumb/v7e-m/fpv4-sp/hard\libgcc.a(_aeabi_uldivmod.o)
                0x08000210                __aeabi_uldivmod
 .text          0x08000240      0x2cc d:/ac6/systemworkbench/plugins/fr.ac6.mcu.externaltools.arm-none.win32_1.17.0.201812190825/tools/compiler/bin/../lib/gcc/arm-none-eabi/7.3.1/thumb/v7e-m/fpv4-sp/hard\libgcc.a(_udivmoddi4.o)
                0x08000240                __udivmoddi4
 .text          0x0800050c        0x4 d:/ac6/systemworkbench/plugins/fr.ac6.mcu.externaltools.arm-none.win32_1.17.0.201812190825/tools/compiler/bin/../lib/gcc/arm-none-eabi/7.3.1/thumb/v7e-m/fpv4-sp/hard\libgcc.a(_dvmd_tls.o)
                0x0800050c                __aeabi_idiv0
                0x0800050c                __aeabi_ldiv0
 .text          0x08000510       0x10 d:/ac6/systemworkbench/plugins/fr.ac6.mcu.externaltools.arm-none.win32_1.17.0.201812190825/tools/compiler/bin/../lib/gcc/arm-none-eabi/7.3.1/../../../../arm-none-eabi/lib/thumb/v7e-m/fpv4-sp/hard\libc_nano.a(lib_a-strlen.o)
                0x08000510                strlen
 .text          0x08000520       0xa0 d:/ac6/systemworkbench/plugins/fr.ac6.mcu.externaltools.arm-none.win32_1.17.0.201812190825/tools/compiler/bin/../lib/gcc/arm-none-eabi/7.3.1/../../../../arm-none-eabi/lib/thumb/v7e-m/fpv4-sp/hard\libc_nano.a(lib_a-memchr.o)
                0x08000520                memchr
 *(.text*)
 .text.HAL_InitTick
                0x080005c0       0x48 Drivers/STM32F4xx_HAL_Driver/Src/stm32f4xx_hal.o
                0x080005c0                HAL_InitTick
 .text.HAL_Init
                0x08000608       0x34 Drivers/STM32F4xx_HAL_Driver/Src/stm32f4xx_hal.o
                0x08000608                HAL_Init
 .text.HAL_IncTick
                0x0800063c       0x18 Drivers/STM32F4xx_HAL_Driver/Src/stm32f4xx_hal.o
                0x0800063c                HAL_IncTick
 .text.HAL_GetTick
                0x08000654        0xc Drivers/STM32F4xx_HAL_Driver/Src/stm32f4xx_hal.o
                0x08000654                HAL_GetTick
 .text.HAL_CAN_Init
                0x08000660      0x14c Drivers/STM32F4xx_HAL_Driver/Src/stm32f4xx_hal_can.o
                0x08000660                HAL_CAN_Init
 .text.HAL_CAN_ConfigFilter
                0x080007ac      0x130 Drivers/STM32F4xx_HAL_Driver/Src/stm32f4xx_hal_can.o
                0x080007ac                HAL_CAN_ConfigFilter
 .text.HAL_CAN_Start
                0x080008dc       0x5c Drivers/STM32F4xx_HAL_Driver/Src/stm32f4xx_hal_can.o
                0x080008dc                HAL_CAN_Start
 .text.HAL_CAN_AddTxMessage
                0x08000938       0xf4 Drivers/STM32F4xx_HAL_Driver/Src/stm32f4xx_hal_can.o
                0x08000938                HAL_CAN_AddTxMessage
 .text.HAL_CAN_GetRxMessage
                0x08000a2c      0x13e Drivers/STM32F4xx_HAL_Driver/Src/stm32f4xx_hal_can.o
                0x08000a2c                HAL_CAN_GetRxMessage
 .text.HAL_CAN_ActivateNotification
                0x08000b6a       0x2c Drivers/STM32F4xx_HAL_Driver/Src/stm32f4xx_hal_can.o
                0x08000b6a                HAL_CAN_ActivateNotification
 .text.HAL_CAN_DeactivateNotification
                0x08000b96       0x2e Drivers/STM32F4xx_HAL_Driver/Src/stm32f4xx_hal_can.o
                0x08000b96                HAL_CAN_DeactivateNotification
 .text.HAL_CAN_TxMailbox1CompleteCallback
                0x08000bc4        0x2 Drivers/STM32F4xx_HAL_Driver/Src/stm32f4xx_hal_can.o
                0x08000bc4                HAL_CAN_TxMailbox1CompleteCallback
 .text.HAL_CAN_TxMailbox2CompleteCallback
                0x08000bc6        0x2 Drivers/STM32F4xx_HAL_Driver/Src/stm32f4xx_hal_can.o
                0x08000bc6                HAL_CAN_TxMailbox2CompleteCallback
 .text.HAL_CAN_TxMailbox0AbortCallback
                0x08000bc8        0x2 Drivers/STM32F4xx_HAL_Driver/Src/stm32f4xx_hal_can.o
                0x08000bc8                HAL_CAN_TxMailbox0AbortCallback
 .text.HAL_CAN_TxMailbox1AbortCallback
                0x08000bca        0x2 Drivers/STM32F4xx_HAL_Driver/Src/stm32f4xx_hal_can.o
                0x08000bca                HAL_CAN_TxMailbox1AbortCallback
 .text.HAL_CAN_TxMailbox2AbortCallback
                0x08000bcc        0x2 Drivers/STM32F4xx_HAL_Driver/Src/stm32f4xx_hal_can.o
                0x08000bcc                HAL_CAN_TxMailbox2AbortCallback
 .text.HAL_CAN_RxFifo0FullCallback
                0x08000bce        0x2 Drivers/STM32F4xx_HAL_Driver/Src/stm32f4xx_hal_can.o
                0x08000bce                HAL_CAN_RxFifo0FullCallback
 .text.HAL_CAN_RxFifo1MsgPendingCallback
                0x08000bd0        0x2 Drivers/STM32F4xx_HAL_Driver/Src/stm32f4xx_hal_can.o
                0x08000bd0                HAL_CAN_RxFifo1MsgPendingCallback
 .text.HAL_CAN_RxFifo1FullCallback
                0x08000bd2        0x2 Drivers/STM32F4xx_HAL_Driver/Src/stm32f4xx_hal_can.o
                0x08000bd2                HAL_CAN_RxFifo1FullCallback
 .text.HAL_CAN_SleepCallback
                0x08000bd4        0x2 Drivers/STM32F4xx_HAL_Driver/Src/stm32f4xx_hal_can.o
                0x08000bd4                HAL_CAN_SleepCallback
 .text.HAL_CAN_WakeUpFromRxMsgCallback
                0x08000bd6        0x2 Drivers/STM32F4xx_HAL_Driver/Src/stm32f4xx_hal_can.o
                0x08000bd6                HAL_CAN_WakeUpFromRxMsgCallback
 .text.HAL_CAN_ErrorCallback
                0x08000bd8        0x2 Drivers/STM32F4xx_HAL_Driver/Src/stm32f4xx_hal_can.o
                0x08000bd8                HAL_CAN_ErrorCallback
 .text.HAL_CAN_IRQHandler
                0x08000bda      0x258 Drivers/STM32F4xx_HAL_Driver/Src/stm32f4xx_hal_can.o
                0x08000bda                HAL_CAN_IRQHandler
 *fill*         0x08000e32        0x2 
 .text.HAL_NVIC_SetPriorityGrouping
                0x08000e34       0x24 Drivers/STM32F4xx_HAL_Driver/Src/stm32f4xx_hal_cortex.o
                0x08000e34                HAL_NVIC_SetPriorityGrouping
 .text.HAL_NVIC_SetPriority
                0x08000e58       0x68 Drivers/STM32F4xx_HAL_Driver/Src/stm32f4xx_hal_cortex.o
                0x08000e58                HAL_NVIC_SetPriority
 .text.HAL_NVIC_EnableIRQ
                0x08000ec0       0x18 Drivers/STM32F4xx_HAL_Driver/Src/stm32f4xx_hal_cortex.o
                0x08000ec0                HAL_NVIC_EnableIRQ
 .text.HAL_SYSTICK_Config
                0x08000ed8       0x2c Drivers/STM32F4xx_HAL_Driver/Src/stm32f4xx_hal_cortex.o
                0x08000ed8                HAL_SYSTICK_Config
 .text.HAL_SYSTICK_Callback
                0x08000f04        0x2 Drivers/STM32F4xx_HAL_Driver/Src/stm32f4xx_hal_cortex.o
                0x08000f04                HAL_SYSTICK_Callback
 .text.HAL_SYSTICK_IRQHandler
                0x08000f06        0x8 Drivers/STM32F4xx_HAL_Driver/Src/stm32f4xx_hal_cortex.o
                0x08000f06                HAL_SYSTICK_IRQHandler
 *fill*         0x08000f0e        0x2 
 .text.HAL_GPIO_Init
                0x08000f10      0x1bc Drivers/STM32F4xx_HAL_Driver/Src/stm32f4xx_hal_gpio.o
                0x08000f10                HAL_GPIO_Init
 .text.HAL_PWR_EnterSTOPMode
                0x080010cc       0x38 Drivers/STM32F4xx_HAL_Driver/Src/stm32f4xx_hal_pwr.o
                0x080010cc                HAL_PWR_EnterSTOPMode
 .text.HAL_RCC_ClockConfig
                0x08001104      0x158 Drivers/STM32F4xx_HAL_Driver/Src/stm32f4xx_hal_rcc.o
                0x08001104                HAL_RCC_ClockConfig
 .text.HAL_RCC_GetHCLKFreq
                0x0800125c        0xc Drivers/STM32F4xx_HAL_Driver/Src/stm32f4xx_hal_rcc.o
                0x0800125c                HAL_RCC_GetHCLKFreq
 .text.HAL_RCC_GetPCLK1Freq
                0x08001268       0x20 Drivers/STM32F4xx_HAL_Driver/Src/stm32f4xx_hal_rcc.o
                0x08001268                HAL_RCC_GetPCLK1Freq
 .text.HAL_RCC_GetPCLK2Freq
                0x08001288       0x20 Drivers/STM32F4xx_HAL_Driver/Src/stm32f4xx_hal_rcc.o
                0x08001288                HAL_RCC_GetPCLK2Freq
 .text.HAL_RCC_GetSysClockFreq
                0x080012a8      0x184 Drivers/STM32F4xx_HAL_Driver/Src/stm32f4xx_hal_rcc_ex.o
                0x080012a8                HAL_RCC_GetSysClockFreq
 .text.HAL_RCC_OscConfig
                0x0800142c      0x3c4 Drivers/STM32F4xx_HAL_Driver/Src/stm32f4xx_hal_rcc_ex.o
                0x0800142c                HAL_RCC_OscConfig
 .text.UART_SetConfig
                0x080017f0      0x334 Drivers/STM32F4xx_HAL_Driver/Src/stm32f4xx_hal_uart.o
 .text.UART_WaitOnFlagUntilTimeout
                0x08001b24       0x62 Drivers/STM32F4xx_HAL_Driver/Src/stm32f4xx_hal_uart.o
 .text.HAL_UART_Init
                0x08001b86       0x5e Drivers/STM32F4xx_HAL_Driver/Src/stm32f4xx_hal_uart.o
                0x08001b86                HAL_UART_Init
 .text.HAL_UART_Transmit
                0x08001be4       0xe0 Drivers/STM32F4xx_HAL_Driver/Src/stm32f4xx_hal_uart.o
                0x08001be4                HAL_UART_Transmit
 .text.is_security_required_for_did
                0x08001cc4        0x4 Src/Data_Transmission_functional_unit.o
                0x08001cc4                is_security_required_for_did
 .text.stop_periodic_transmission
                0x08001cc8       0x38 Src/Data_Transmission_functional_unit.o
                0x08001cc8                stop_periodic_transmission
 .text.is_pid_supported_in_session
                0x08001d00       0x24 Src/Data_Transmission_functional_unit.o
                0x08001d00                is_pid_supported_in_session
 .text.is_security_granted_for_pid
                0x08001d24        0xc Src/Data_Transmission_functional_unit.o
                0x08001d24                is_security_granted_for_pid
 .text.is_dynamic_identifier_supported
                0x08001d30       0x2c Src/Data_Transmission_functional_unit.o
                0x08001d30                is_dynamic_identifier_supported
 .text.is_data_identifier_supported_for_write
                0x08001d5c       0x12 Src/Data_Transmission_functional_unit.o
                0x08001d5c                is_data_identifier_supported_for_write
 *fill*         0x08001d6e        0x2 
 .text.write_data_to_identifier
                0x08001d70       0x48 Src/Data_Transmission_functional_unit.o
                0x08001d70                write_data_to_identifier
 .text.are_conditions_correct_for_did
                0x08001db8       0x14 Src/Data_Transmission_functional_unit.o
                0x08001db8                are_conditions_correct_for_did
 .text.send_can_message
                0x08001dcc       0x30 Src/Data_Transmission_functional_unit.o
                0x08001dcc                send_can_message
 .text.send_negative_response_read_data_by_identifier
                0x08001dfc       0x22 Src/Data_Transmission_functional_unit.o
                0x08001dfc                send_negative_response_read_data_by_identifier
 *fill*         0x08001e1e        0x2 
 .text.uds_read_data_by_identifier
                0x08001e20      0x160 Src/Data_Transmission_functional_unit.o
                0x08001e20                uds_read_data_by_identifier
 .text.send_positive_response_read_data_by_periodic_identifier
                0x08001f80       0x1e Src/Data_Transmission_functional_unit.o
                0x08001f80                send_positive_response_read_data_by_periodic_identifier
 .text.send_negative_response_read_data_by_periodic_identifier
                0x08001f9e       0x22 Src/Data_Transmission_functional_unit.o
                0x08001f9e                send_negative_response_read_data_by_periodic_identifier
 .text.start_periodic_transmission
                0x08001fc0       0x38 Src/Data_Transmission_functional_unit.o
                0x08001fc0                start_periodic_transmission
 .text.uds_read_data_by_periodic_identifier
                0x08001ff8       0x8a Src/Data_Transmission_functional_unit.o
                0x08001ff8                uds_read_data_by_periodic_identifier
 .text.send_positive_response_dynamically_define_data_identifier
                0x08002082       0x28 Src/Data_Transmission_functional_unit.o
                0x08002082                send_positive_response_dynamically_define_data_identifier
 .text.send_negative_response_dynamically_define_data_identifier
                0x080020aa       0x22 Src/Data_Transmission_functional_unit.o
                0x080020aa                send_negative_response_dynamically_define_data_identifier
 .text.define_by_identifier
                0x080020cc       0x78 Src/Data_Transmission_functional_unit.o
                0x080020cc                define_by_identifier
 .text.define_by_memory_address
                0x08002144       0x64 Src/Data_Transmission_functional_unit.o
                0x08002144                define_by_memory_address
 .text.clear_dynamically_defined_data_identifier
                0x080021a8       0x5c Src/Data_Transmission_functional_unit.o
                0x080021a8                clear_dynamically_defined_data_identifier
 .text.uds_dynamically_define_data_identifier
                0x08002204       0x46 Src/Data_Transmission_functional_unit.o
                0x08002204                uds_dynamically_define_data_identifier
 .text.send_positive_response_write_data_by_identifier
                0x0800224a       0x22 Src/Data_Transmission_functional_unit.o
                0x0800224a                send_positive_response_write_data_by_identifier
 .text.send_negative_response_write_data_by_identifier
                0x0800226c       0x22 Src/Data_Transmission_functional_unit.o
                0x0800226c                send_negative_response_write_data_by_identifier
 *fill*         0x0800228e        0x2 
 .text.uds_write_data_by_identifier
                0x08002290       0x74 Src/Data_Transmission_functional_unit.o
                0x08002290                uds_write_data_by_identifier
 .text.reset_default_session
                0x08002304        0xc Src/Diagnostic_Communication_Management_functional_unit.o
                0x08002304                reset_default_session
 .text.is_service_allowed
                0x08002310       0xd0 Src/Diagnostic_Communication_Management_functional_unit.o
                0x08002310                is_service_allowed
 .text.send_positive_response_diagnostic_control
                0x080023e0       0x40 Src/Diagnostic_Communication_Management_functional_unit.o
                0x080023e0                send_positive_response_diagnostic_control
 .text.send_negative_response_diagnostic_control
                0x08002420       0x20 Src/Diagnostic_Communication_Management_functional_unit.o
                0x08002420                send_negative_response_diagnostic_control
 .text.uds_diagnostic_session_control
                0x08002440       0x80 Src/Diagnostic_Communication_Management_functional_unit.o
                0x08002440                uds_diagnostic_session_control
 .text.hard_reset
                0x080024c0       0x24 Src/Diagnostic_Communication_Management_functional_unit.o
                0x080024c0                hard_reset
 .text.enable_rapid_power_shutdown
                0x080024e4        0xc Src/Diagnostic_Communication_Management_functional_unit.o
                0x080024e4                enable_rapid_power_shutdown
 .text.send_negative_response_ecu_reset
                0x080024f0       0x6e Src/Diagnostic_Communication_Management_functional_unit.o
                0x080024f0                send_negative_response_ecu_reset
 *fill*         0x0800255e        0x2 
 .text.uds_ecu_reset
                0x08002560       0x5c Src/Diagnostic_Communication_Management_functional_unit.o
                0x08002560                uds_ecu_reset
 .text.send_seed
                0x080025bc       0x44 Src/Diagnostic_Communication_Management_functional_unit.o
                0x080025bc                send_seed
 .text.verify_key
                0x08002600       0x38 Src/Diagnostic_Communication_Management_functional_unit.o
                0x08002600                verify_key
 .text.send_positive_response_security_access
                0x08002638       0x50 Src/Diagnostic_Communication_Management_functional_unit.o
                0x08002638                send_positive_response_security_access
 .text.send_negative_response_security_access
                0x08002688       0x22 Src/Diagnostic_Communication_Management_functional_unit.o
                0x08002688                send_negative_response_security_access
 .text.uds_security_access
                0x080026aa       0x88 Src/Diagnostic_Communication_Management_functional_unit.o
                0x080026aa                uds_security_access
 .text.send_positive_response_communication_control
                0x08002732       0x1c Src/Diagnostic_Communication_Management_functional_unit.o
                0x08002732                send_positive_response_communication_control
 .text.send_negative_response_communication_control
                0x0800274e       0x22 Src/Diagnostic_Communication_Management_functional_unit.o
                0x0800274e                send_negative_response_communication_control
 .text.uds_communication_control
                0x08002770       0xe0 Src/Diagnostic_Communication_Management_functional_unit.o
                0x08002770                uds_communication_control
 .text.send_positive_response_tester_present
                0x08002850       0x20 Src/Diagnostic_Communication_Management_functional_unit.o
                0x08002850                send_positive_response_tester_present
 .text.send_negative_response_tester_present
                0x08002870       0x22 Src/Diagnostic_Communication_Management_functional_unit.o
                0x08002870                send_negative_response_tester_present
 .text.uds_tester_present
                0x08002892       0x1c Src/Diagnostic_Communication_Management_functional_unit.o
                0x08002892                uds_tester_present
 *fill*         0x080028ae        0x2 
 .text.read_timing_parameters
                0x080028b0       0x38 Src/Diagnostic_Communication_Management_functional_unit.o
                0x080028b0                read_timing_parameters
 .text.send_positive_response_access_timing
                0x080028e8       0x20 Src/Diagnostic_Communication_Management_functional_unit.o
                0x080028e8                send_positive_response_access_timing
 .text.write_timing_parameters
                0x08002908       0x24 Src/Diagnostic_Communication_Management_functional_unit.o
                0x08002908                write_timing_parameters
 .text.send_negative_response_access_timing
                0x0800292c       0x22 Src/Diagnostic_Communication_Management_functional_unit.o
                0x0800292c                send_negative_response_access_timing
 .text.uds_access_timing_parameter
                0x0800294e       0x4e Src/Diagnostic_Communication_Management_functional_unit.o
                0x0800294e                uds_access_timing_parameter
 .text.encrypt_data
                0x0800299c       0x1e Src/Diagnostic_Communication_Management_functional_unit.o
                0x0800299c                encrypt_data
 .text.secured_data_send
                0x080029ba        0x8 Src/Diagnostic_Communication_Management_functional_unit.o
                0x080029ba                secured_data_send
 .text.send_positive_response_secured_data_transmission
                0x080029c2       0x2e Src/Diagnostic_Communication_Management_functional_unit.o
                0x080029c2                send_positive_response_secured_data_transmission
 .text.send_negative_response_secured_data_transmission
                0x080029f0       0x22 Src/Diagnostic_Communication_Management_functional_unit.o
                0x080029f0                send_negative_response_secured_data_transmission
 *fill*         0x08002a12        0x2 
 .text.uds_secured_data_transmission
                0x08002a14       0x48 Src/Diagnostic_Communication_Management_functional_unit.o
                0x08002a14                uds_secured_data_transmission
 .text.send_positive_response_control_dtc_setting
                0x08002a5c       0x1c Src/Diagnostic_Communication_Management_functional_unit.o
                0x08002a5c                send_positive_response_control_dtc_setting
 .text.send_negative_response_control_dtc_setting
                0x08002a78       0x22 Src/Diagnostic_Communication_Management_functional_unit.o
                0x08002a78                send_negative_response_control_dtc_setting
 *fill*         0x08002a9a        0x2 
 .text.uds_control_dtc_setting
                0x08002a9c       0x58 Src/Diagnostic_Communication_Management_functional_unit.o
                0x08002a9c                uds_control_dtc_setting
 .text.send_positive_response_roe
                0x08002af4       0x2a Src/Diagnostic_Communication_Management_functional_unit.o
                0x08002af4                send_positive_response_roe
 *fill*         0x08002b1e        0x2 
 .text.stop_response_on_event
                0x08002b20       0x28 Src/Diagnostic_Communication_Management_functional_unit.o
                0x08002b20                stop_response_on_event
 .text.start_response_on_event
                0x08002b48       0x1a Src/Diagnostic_Communication_Management_functional_unit.o
                0x08002b48                start_response_on_event
 *fill*         0x08002b62        0x2 
 .text.clear_response_on_event
                0x08002b64       0x30 Src/Diagnostic_Communication_Management_functional_unit.o
                0x08002b64                clear_response_on_event
 .text.send_negative_response_roe
                0x08002b94       0x22 Src/Diagnostic_Communication_Management_functional_unit.o
                0x08002b94                send_negative_response_roe
 *fill*         0x08002bb6        0x2 
 .text.on_dtc_status_change
                0x08002bb8       0x48 Src/Diagnostic_Communication_Management_functional_unit.o
                0x08002bb8                on_dtc_status_change
 .text.on_timer_interrupt
                0x08002c00       0x4c Src/Diagnostic_Communication_Management_functional_unit.o
                0x08002c00                on_timer_interrupt
 .text.uds_response_on_event
                0x08002c4c       0x42 Src/Diagnostic_Communication_Management_functional_unit.o
                0x08002c4c                uds_response_on_event
 .text.send_positive_response_link_control
                0x08002c8e       0x1c Src/Diagnostic_Communication_Management_functional_unit.o
                0x08002c8e                send_positive_response_link_control
 .text.send_negative_response_link_control
                0x08002caa       0x22 Src/Diagnostic_Communication_Management_functional_unit.o
                0x08002caa                send_negative_response_link_control
 .text.uds_link_control
                0x08002ccc       0x64 Src/Diagnostic_Communication_Management_functional_unit.o
                0x08002ccc                uds_link_control
 .text.send_positive_response_input_output_control_by_identifier
                0x08002d30       0x24 Src/InputOutput_Control_functional_unit.o
                0x08002d30                send_positive_response_input_output_control_by_identifier
 .text.send_negative_response_input_output_control_by_identifier
                0x08002d54       0x1c Src/InputOutput_Control_functional_unit.o
                0x08002d54                send_negative_response_input_output_control_by_identifier
 .text.uds_input_output_control_by_identifier
                0x08002d70       0x48 Src/InputOutput_Control_functional_unit.o
                0x08002d70                uds_input_output_control_by_identifier
 .text.send_positive_response_routine_control
                0x08002db8        0xa Src/Routine_functional_unit.o
                0x08002db8                send_positive_response_routine_control
 .text.send_negative_response_routine_control
                0x08002dc2       0x1c Src/Routine_functional_unit.o
                0x08002dc2                send_negative_response_routine_control
 .text.is_routine_supported
                0x08002dde        0x4 Src/Routine_functional_unit.o
                0x08002dde                is_routine_supported
 .text.is_security_granted_for_routine
                0x08002de2        0x4 Src/Routine_functional_unit.o
                0x08002de2                is_security_granted_for_routine
 .text.is_sub_function_supported
                0x08002de6        0x4 Src/Routine_functional_unit.o
                0x08002de6                is_sub_function_supported
 .text.validate_routine_control_option
                0x08002dea        0x4 Src/Routine_functional_unit.o
                0x08002dea                validate_routine_control_option
 .text.uds_routine_control
                0x08002dee       0x6c Src/Routine_functional_unit.o
                0x08002dee                uds_routine_control
 .text.is_group_of_dtc_supported
                0x08002e5a       0x20 Src/Stored_Data_Transmission_functional_unit.o
                0x08002e5a                is_group_of_dtc_supported
 *fill*         0x08002e7a        0x2 
 .text.are_conditions_correct_for_dtc_clear
                0x08002e7c       0x14 Src/Stored_Data_Transmission_functional_unit.o
                0x08002e7c                are_conditions_correct_for_dtc_clear
 .text.clear_diagnostic_information
                0x08002e90        0x4 Src/Stored_Data_Transmission_functional_unit.o
                0x08002e90                clear_diagnostic_information
 .text.send_positive_response_clear_diagnostic_information
                0x08002e94       0x18 Src/Stored_Data_Transmission_functional_unit.o
                0x08002e94                send_positive_response_clear_diagnostic_information
 .text.send_negative_response_clear_diagnostic_information
                0x08002eac       0x22 Src/Stored_Data_Transmission_functional_unit.o
                0x08002eac                send_negative_response_clear_diagnostic_information
 .text.uds_clear_diagnostic_information
                0x08002ece       0x50 Src/Stored_Data_Transmission_functional_unit.o
                0x08002ece                uds_clear_diagnostic_information
 .text.send_negative_response_read_dtc_information
                0x08002f1e       0x20 Src/Stored_Data_Transmission_functional_unit.o
                0x08002f1e                send_negative_response_read_dtc_information
 .text.report_most_recent_test_failed_dtc
                0x08002f3e       0x2a Src/Stored_Data_Transmission_functional_unit.o
                0x08002f3e                report_most_recent_test_failed_dtc
 .text.report_most_recent_confirmed_dtc
                0x08002f68       0x2a Src/Stored_Data_Transmission_functional_unit.o
                0x08002f68                report_most_recent_confirmed_dtc
 .text.get_dtc_status_availability_mask
                0x08002f92        0x4 Src/Stored_Data_Transmission_functional_unit.o
                0x08002f92                get_dtc_status_availability_mask
 .text.send_positive_response_read_dtc_information
                0x08002f96       0x84 Src/Stored_Data_Transmission_functional_unit.o
                0x08002f96                send_positive_response_read_dtc_information
 *fill*         0x0800301a        0x2 
 .text.report_dtc_by_status_mask
                0x0800301c       0xc0 Src/Stored_Data_Transmission_functional_unit.o
                0x0800301c                report_dtc_by_status_mask
 .text.report_dtc_snapshot_identification
                0x080030dc       0xd8 Src/Stored_Data_Transmission_functional_unit.o
                0x080030dc                report_dtc_snapshot_identification
 .text.report_dtc_snapshot_record_by_dtc_number
                0x080031b4       0xb8 Src/Stored_Data_Transmission_functional_unit.o
                0x080031b4                report_dtc_snapshot_record_by_dtc_number
 .text.report_dtc_stored_data_by_record_number
                0x0800326c       0xa8 Src/Stored_Data_Transmission_functional_unit.o
                0x0800326c                report_dtc_stored_data_by_record_number
 .text.report_dtc_ext_data_record_by_dtc_number
                0x08003314       0xcc Src/Stored_Data_Transmission_functional_unit.o
                0x08003314                report_dtc_ext_data_record_by_dtc_number
 .text.report_dtc_by_severity_mask_record
                0x080033e0       0x94 Src/Stored_Data_Transmission_functional_unit.o
                0x080033e0                report_dtc_by_severity_mask_record
 .text.report_severity_information_of_dtc
                0x08003474       0x68 Src/Stored_Data_Transmission_functional_unit.o
                0x08003474                report_severity_information_of_dtc
 .text.report_supported_dtc
                0x080034dc       0x84 Src/Stored_Data_Transmission_functional_unit.o
                0x080034dc                report_supported_dtc
 .text.report_first_test_failed_dtc
                0x08003560       0x5c Src/Stored_Data_Transmission_functional_unit.o
                0x08003560                report_first_test_failed_dtc
 .text.report_first_confirmed_dtc
                0x080035bc       0x5c Src/Stored_Data_Transmission_functional_unit.o
                0x080035bc                report_first_confirmed_dtc
 .text.report_mirror_memory_dtc_by_status_mask
                0x08003618       0x88 Src/Stored_Data_Transmission_functional_unit.o
                0x08003618                report_mirror_memory_dtc_by_status_mask
 .text.report_mirror_memory_dtc_ext_data_record
                0x080036a0       0x70 Src/Stored_Data_Transmission_functional_unit.o
                0x080036a0                report_mirror_memory_dtc_ext_data_record
 .text.report_emissions_obd_dtc_by_status_mask
                0x08003710       0x94 Src/Stored_Data_Transmission_functional_unit.o
                0x08003710                report_emissions_obd_dtc_by_status_mask
 .text.report_dtc_fault_detection_counter
                0x080037a4       0x84 Src/Stored_Data_Transmission_functional_unit.o
                0x080037a4                report_dtc_fault_detection_counter
 .text.report_dtc_with_permanent_status
                0x08003828       0x84 Src/Stored_Data_Transmission_functional_unit.o
                0x08003828                report_dtc_with_permanent_status
 .text.report_dtc_ext_data_record_by_record_number
                0x080038ac       0x54 Src/Stored_Data_Transmission_functional_unit.o
                0x080038ac                report_dtc_ext_data_record_by_record_number
 .text.report_user_def_memory_dtc_by_status_mask
                0x08003900       0x80 Src/Stored_Data_Transmission_functional_unit.o
                0x08003900                report_user_def_memory_dtc_by_status_mask
 .text.report_user_def_memory_dtc_snapshot_record
                0x08003980       0x78 Src/Stored_Data_Transmission_functional_unit.o
                0x08003980                report_user_def_memory_dtc_snapshot_record
 .text.report_user_def_memory_dtc_ext_data_record
                0x080039f8       0x80 Src/Stored_Data_Transmission_functional_unit.o
                0x080039f8                report_user_def_memory_dtc_ext_data_record
 .text.report_wwh_obd_dtc_by_mask_record
                0x08003a78       0x98 Src/Stored_Data_Transmission_functional_unit.o
                0x08003a78                report_wwh_obd_dtc_by_mask_record
 .text.report_wwh_obd_dtc_with_permanent_status
                0x08003b10       0x80 Src/Stored_Data_Transmission_functional_unit.o
                0x08003b10                report_wwh_obd_dtc_with_permanent_status
 .text.report_number_of_dtc_by_severity_mask
                0x08003b90       0x68 Src/Stored_Data_Transmission_functional_unit.o
                0x08003b90                report_number_of_dtc_by_severity_mask
 .text.get_dtc_format_identifier
                0x08003bf8        0x4 Src/Stored_Data_Transmission_functional_unit.o
                0x08003bf8                get_dtc_format_identifier
 .text.report_number_of_dtc_by_status_mask
                0x08003bfc       0x7c Src/Stored_Data_Transmission_functional_unit.o
                0x08003bfc                report_number_of_dtc_by_status_mask
 .text.report_number_of_mirror_memory_dtc_by_status_mask
                0x08003c78       0x70 Src/Stored_Data_Transmission_functional_unit.o
                0x08003c78                report_number_of_mirror_memory_dtc_by_status_mask
 .text.report_number_of_emissions_obd_dtc_by_status_mask
                0x08003ce8       0x80 Src/Stored_Data_Transmission_functional_unit.o
                0x08003ce8                report_number_of_emissions_obd_dtc_by_status_mask
 .text.uds_read_dtc_information
                0x08003d68      0x17c Src/Stored_Data_Transmission_functional_unit.o
                0x08003d68                uds_read_dtc_information
 .text.send_positive_response_request_download
                0x08003ee4        0xa Src/Upload_Download_functional_unit.o
                0x08003ee4                send_positive_response_request_download
 .text.send_negative_response_request_download
                0x08003eee       0x1c Src/Upload_Download_functional_unit.o
                0x08003eee                send_negative_response_request_download
 .text.is_memory_address_valid
                0x08003f0a        0x4 Src/Upload_Download_functional_unit.o
                0x08003f0a                is_memory_address_valid
 .text.is_memory_size_valid
                0x08003f0e        0x4 Src/Upload_Download_functional_unit.o
                0x08003f0e                is_memory_size_valid
 .text.send_positive_response_upload
                0x08003f12       0x24 Src/Upload_Download_functional_unit.o
                0x08003f12                send_positive_response_upload
 .text.send_negative_response_upload
                0x08003f36       0x1c Src/Upload_Download_functional_unit.o
                0x08003f36                send_negative_response_upload
 .text.is_security_active
                0x08003f52        0x4 Src/Upload_Download_functional_unit.o
                0x08003f52                is_security_active
 .text.uds_request_download
                0x08003f56       0x54 Src/Upload_Download_functional_unit.o
                0x08003f56                uds_request_download
 .text.uds_request_upload
                0x08003faa       0x38 Src/Upload_Download_functional_unit.o
                0x08003faa                uds_request_upload
 .text.send_positive_response_transfer_data
                0x08003fe2       0x16 Src/Upload_Download_functional_unit.o
                0x08003fe2                send_positive_response_transfer_data
 .text.send_negative_response_transfer_data
                0x08003ff8       0x1c Src/Upload_Download_functional_unit.o
                0x08003ff8                send_negative_response_transfer_data
 .text.is_request_download_active
                0x08004014        0x4 Src/Upload_Download_functional_unit.o
                0x08004014                is_request_download_active
 .text.is_request_upload_active
                0x08004018        0x4 Src/Upload_Download_functional_unit.o
                0x08004018                is_request_upload_active
 .text.uds_transfer_data
                0x0800401c       0x44 Src/Upload_Download_functional_unit.o
                0x0800401c                uds_transfer_data
 .text.send_positive_response_transfer_exit
                0x08004060        0xa Src/Upload_Download_functional_unit.o
                0x08004060                send_positive_response_transfer_exit
 .text.send_negative_response_transfer_exit
                0x0800406a       0x1c Src/Upload_Download_functional_unit.o
                0x0800406a                send_negative_response_transfer_exit
 .text.is_transfer_in_progress
                0x08004086        0x4 Src/Upload_Download_functional_unit.o
                0x08004086                is_transfer_in_progress
 .text.validate_transfer_request_parameters
                0x0800408a        0x4 Src/Upload_Download_functional_unit.o
                0x0800408a                validate_transfer_request_parameters
 .text.uds_request_transfer_exit
                0x0800408e       0x38 Src/Upload_Download_functional_unit.o
                0x0800408e                uds_request_transfer_exit
 .text.send_positive_response_file_transfer
                0x080040c6        0xa Src/Upload_Download_functional_unit.o
                0x080040c6                send_positive_response_file_transfer
 .text.send_negative_response_file_transfer
                0x080040d0       0x1c Src/Upload_Download_functional_unit.o
                0x080040d0                send_negative_response_file_transfer
 .text.uds_request_file_transfer
                0x080040ec       0x54 Src/Upload_Download_functional_unit.o
                0x080040ec                uds_request_file_transfer
 .text.SysTick_Handler
                0x08004140        0xc Src/it.o
                0x08004140                SysTick_Handler
 .text.CAN1_TX_IRQHandler
                0x0800414c       0x10 Src/it.o
                0x0800414c                CAN1_TX_IRQHandler
 .text.CAN1_RX0_IRQHandler
                0x0800415c       0x10 Src/it.o
                0x0800415c                CAN1_RX0_IRQHandler
 .text.CAN1_SCE_IRQHandler
                0x0800416c       0x10 Src/it.o
                0x0800416c                CAN1_SCE_IRQHandler
 .text.GPIO_Init
                0x0800417c       0x64 Src/main.o
                0x0800417c                GPIO_Init
 .text.Error_handler
                0x080041e0        0x2 Src/main.o
                0x080041e0                Error_handler
 *fill*         0x080041e2        0x2 
 .text.SystemClock_Config_HSE
                0x080041e4       0x60 Src/main.o
                0x080041e4                SystemClock_Config_HSE
 .text.CAN1_Init
                0x08004244       0x3c Src/main.o
                0x08004244                CAN1_Init
 .text.CAN_Filter_Config
                0x08004280       0x38 Src/main.o
                0x08004280                CAN_Filter_Config
 .text.UART2_Init
                0x080042b8       0x30 Src/main.o
                0x080042b8                UART2_Init
 .text.main     0x080042e8       0x54 Src/main.o
                0x080042e8                main
 .text.UART2_Send
                0x0800433c       0x1c Src/main.o
                0x0800433c                UART2_Send
 .text.HAL_CAN_RxFifo0MsgPendingCallback
                0x08004358      0x2d8 Src/main.o
                0x08004358                HAL_CAN_RxFifo0MsgPendingCallback
 .text.HAL_CAN_TxMailbox0CompleteCallback
                0x08004630       0x34 Src/main.o
                0x08004630                HAL_CAN_TxMailbox0CompleteCallback
 .text.HAL_MspInit
                0x08004664       0x3c Src/msp.o
                0x08004664                HAL_MspInit
 .text.HAL_UART_MspInit
                0x080046a0       0x74 Src/msp.o
                0x080046a0                HAL_UART_MspInit
 .text.HAL_CAN_MspInit
                0x08004714       0x84 Src/msp.o
                0x08004714                HAL_CAN_MspInit
 .text.SystemInit
                0x08004798       0x4c Src/system_stm32f4xx.o
                0x08004798                SystemInit
 .text.Reset_Handler
                0x080047e4       0x50 startup/startup_stm32f446xx.o
                0x080047e4                Reset_Handler
 .text.Default_Handler
                0x08004834        0x2 startup/startup_stm32f446xx.o
                0x08004834                RTC_Alarm_IRQHandler
                0x08004834                EXTI2_IRQHandler
                0x08004834                TIM8_CC_IRQHandler
                0x08004834                DebugMon_Handler
                0x08004834                SPI4_IRQHandler
                0x08004834                TIM1_CC_IRQHandler
                0x08004834                DMA2_Stream5_IRQHandler
                0x08004834                HardFault_Handler
                0x08004834                DMA1_Stream5_IRQHandler
                0x08004834                PVD_IRQHandler
                0x08004834                SDIO_IRQHandler
                0x08004834                TAMP_STAMP_IRQHandler
                0x08004834                PendSV_Handler
                0x08004834                NMI_Handler
                0x08004834                CAN2_RX1_IRQHandler
                0x08004834                EXTI3_IRQHandler
                0x08004834                TIM8_TRG_COM_TIM14_IRQHandler
                0x08004834                TIM1_UP_TIM10_IRQHandler
                0x08004834                TIM8_UP_TIM13_IRQHandler
                0x08004834                I2C3_ER_IRQHandler
                0x08004834                FMPI2C1_Event_IRQHandler
                0x08004834                EXTI0_IRQHandler
                0x08004834                I2C2_EV_IRQHandler
                0x08004834                DMA1_Stream2_IRQHandler
                0x08004834                FPU_IRQHandler
                0x08004834                OTG_HS_WKUP_IRQHandler
                0x08004834                UsageFault_Handler
                0x08004834                CAN2_SCE_IRQHandler
                0x08004834                DMA2_Stream2_IRQHandler
                0x08004834                SPI1_IRQHandler
                0x08004834                TIM6_DAC_IRQHandler
                0x08004834                TIM1_BRK_TIM9_IRQHandler
                0x08004834                DCMI_IRQHandler
                0x08004834                CAN2_RX0_IRQHandler
                0x08004834                DMA2_Stream3_IRQHandler
                0x08004834                SAI2_IRQHandler
                0x08004834                USART6_IRQHandler
                0x08004834                USART3_IRQHandler
                0x08004834                CAN1_RX1_IRQHandler
                0x08004834                UART5_IRQHandler
                0x08004834                DMA2_Stream0_IRQHandler
                0x08004834                TIM4_IRQHandler
                0x08004834                QUADSPI_IRQHandler
                0x08004834                I2C1_EV_IRQHandler
                0x08004834                DMA1_Stream6_IRQHandler
                0x08004834                DMA1_Stream1_IRQHandler
                0x08004834                UART4_IRQHandler
                0x08004834                TIM3_IRQHandler
                0x08004834                RCC_IRQHandler
                0x08004834                TIM8_BRK_TIM12_IRQHandler
                0x08004834                Default_Handler
                0x08004834                CEC_IRQHandler
                0x08004834                EXTI15_10_IRQHandler
                0x08004834                ADC_IRQHandler
                0x08004834                DMA1_Stream7_IRQHandler
                0x08004834                TIM7_IRQHandler
                0x08004834                CAN2_TX_IRQHandler
                0x08004834                TIM5_IRQHandler
                0x08004834                DMA2_Stream7_IRQHandler
                0x08004834                I2C3_EV_IRQHandler
                0x08004834                EXTI9_5_IRQHandler
                0x08004834                RTC_WKUP_IRQHandler
                0x08004834                SPDIF_RX_IRQHandler
                0x08004834                SPI2_IRQHandler
                0x08004834                OTG_HS_EP1_IN_IRQHandler
                0x08004834                MemManage_Handler
                0x08004834                DMA1_Stream0_IRQHandler
                0x08004834                SVC_Handler
                0x08004834                EXTI4_IRQHandler
                0x08004834                OTG_HS_EP1_OUT_IRQHandler
                0x08004834                WWDG_IRQHandler
                0x08004834                TIM2_IRQHandler
                0x08004834                OTG_FS_WKUP_IRQHandler
                0x08004834                TIM1_TRG_COM_TIM11_IRQHandler
                0x08004834                OTG_HS_IRQHandler
                0x08004834                EXTI1_IRQHandler
                0x08004834                USART2_IRQHandler
                0x08004834                I2C2_ER_IRQHandler
                0x08004834                DMA2_Stream1_IRQHandler
                0x08004834                FLASH_IRQHandler
                0x08004834                DMA2_Stream4_IRQHandler
                0x08004834                BusFault_Handler
                0x08004834                USART1_IRQHandler
                0x08004834                OTG_FS_IRQHandler
                0x08004834                SPI3_IRQHandler
                0x08004834                DMA1_Stream4_IRQHandler
                0x08004834                I2C1_ER_IRQHandler
                0x08004834                FMC_IRQHandler
                0x08004834                DMA2_Stream6_IRQHandler
                0x08004834                SAI1_IRQHandler
                0x08004834                DMA1_Stream3_IRQHandler
                0x08004834                FMPI2C1_Error_IRQHandler
 *fill*         0x08004836        0x2 
 .text.__libc_init_array
                0x08004838       0x48 d:/ac6/systemworkbench/plugins/fr.ac6.mcu.externaltools.arm-none.win32_1.17.0.201812190825/tools/compiler/bin/../lib/gcc/arm-none-eabi/7.3.1/../../../../arm-none-eabi/lib/thumb/v7e-m/fpv4-sp/hard\libc_nano.a(lib_a-init.o)
                0x08004838                __libc_init_array
 .text.malloc   0x08004880       0x10 d:/ac6/systemworkbench/plugins/fr.ac6.mcu.externaltools.arm-none.win32_1.17.0.201812190825/tools/compiler/bin/../lib/gcc/arm-none-eabi/7.3.1/../../../../arm-none-eabi/lib/thumb/v7e-m/fpv4-sp/hard\libc_nano.a(lib_a-malloc.o)
                0x08004880                malloc
 .text.free     0x08004890       0x10 d:/ac6/systemworkbench/plugins/fr.ac6.mcu.externaltools.arm-none.win32_1.17.0.201812190825/tools/compiler/bin/../lib/gcc/arm-none-eabi/7.3.1/../../../../arm-none-eabi/lib/thumb/v7e-m/fpv4-sp/hard\libc_nano.a(lib_a-malloc.o)
                0x08004890                free
 .text.memcpy   0x080048a0       0x16 d:/ac6/systemworkbench/plugins/fr.ac6.mcu.externaltools.arm-none.win32_1.17.0.201812190825/tools/compiler/bin/../lib/gcc/arm-none-eabi/7.3.1/../../../../arm-none-eabi/lib/thumb/v7e-m/fpv4-sp/hard\libc_nano.a(lib_a-memcpy-stub.o)
                0x080048a0                memcpy
 .text.memset   0x080048b6       0x10 d:/ac6/systemworkbench/plugins/fr.ac6.mcu.externaltools.arm-none.win32_1.17.0.201812190825/tools/compiler/bin/../lib/gcc/arm-none-eabi/7.3.1/../../../../arm-none-eabi/lib/thumb/v7e-m/fpv4-sp/hard\libc_nano.a(lib_a-memset.o)
                0x080048b6                memset
 *fill*         0x080048c6        0x2 
 .text._free_r  0x080048c8       0x9c d:/ac6/systemworkbench/plugins/fr.ac6.mcu.externaltools.arm-none.win32_1.17.0.201812190825/tools/compiler/bin/../lib/gcc/arm-none-eabi/7.3.1/../../../../arm-none-eabi/lib/thumb/v7e-m/fpv4-sp/hard\libc_nano.a(lib_a-nano-freer.o)
                0x080048c8                _free_r
 .text._malloc_r
                0x08004964       0xb4 d:/ac6/systemworkbench/plugins/fr.ac6.mcu.externaltools.arm-none.win32_1.17.0.201812190825/tools/compiler/bin/../lib/gcc/arm-none-eabi/7.3.1/../../../../arm-none-eabi/lib/thumb/v7e-m/fpv4-sp/hard\libc_nano.a(lib_a-nano-mallocr.o)
                0x08004964                _malloc_r
 .text._sbrk_r  0x08004a18       0x20 d:/ac6/systemworkbench/plugins/fr.ac6.mcu.externaltools.arm-none.win32_1.17.0.201812190825/tools/compiler/bin/../lib/gcc/arm-none-eabi/7.3.1/../../../../arm-none-eabi/lib/thumb/v7e-m/fpv4-sp/hard\libc_nano.a(lib_a-sbrkr.o)
                0x08004a18                _sbrk_r
 .text.sprintf  0x08004a38       0x40 d:/ac6/systemworkbench/plugins/fr.ac6.mcu.externaltools.arm-none.win32_1.17.0.201812190825/tools/compiler/bin/../lib/gcc/arm-none-eabi/7.3.1/../../../../arm-none-eabi/lib/thumb/v7e-m/fpv4-sp/hard\libc_nano.a(lib_a-sprintf.o)
                0x08004a38                siprintf
                0x08004a38                sprintf
 .text.__malloc_lock
                0x08004a78        0x2 d:/ac6/systemworkbench/plugins/fr.ac6.mcu.externaltools.arm-none.win32_1.17.0.201812190825/tools/compiler/bin/../lib/gcc/arm-none-eabi/7.3.1/../../../../arm-none-eabi/lib/thumb/v7e-m/fpv4-sp/hard\libc_nano.a(lib_a-mlock.o)
                0x08004a78                __malloc_lock
 .text.__malloc_unlock
                0x08004a7a        0x2 d:/ac6/systemworkbench/plugins/fr.ac6.mcu.externaltools.arm-none.win32_1.17.0.201812190825/tools/compiler/bin/../lib/gcc/arm-none-eabi/7.3.1/../../../../arm-none-eabi/lib/thumb/v7e-m/fpv4-sp/hard\libc_nano.a(lib_a-mlock.o)
                0x08004a7a                __malloc_unlock
 .text.__ssputs_r
                0x08004a7c       0xb4 d:/ac6/systemworkbench/plugins/fr.ac6.mcu.externaltools.arm-none.win32_1.17.0.201812190825/tools/compiler/bin/../lib/gcc/arm-none-eabi/7.3.1/../../../../arm-none-eabi/lib/thumb/v7e-m/fpv4-sp/hard\libc_nano.a(lib_a-nano-svfprintf.o)
                0x08004a7c                __ssputs_r
 .text._svfprintf_r
                0x08004b30      0x1f0 d:/ac6/systemworkbench/plugins/fr.ac6.mcu.externaltools.arm-none.win32_1.17.0.201812190825/tools/compiler/bin/../lib/gcc/arm-none-eabi/7.3.1/../../../../arm-none-eabi/lib/thumb/v7e-m/fpv4-sp/hard\libc_nano.a(lib_a-nano-svfprintf.o)
                0x08004b30                _svfiprintf_r
                0x08004b30                _svfprintf_r
 .text._printf_common
                0x08004d20       0xea d:/ac6/systemworkbench/plugins/fr.ac6.mcu.externaltools.arm-none.win32_1.17.0.201812190825/tools/compiler/bin/../lib/gcc/arm-none-eabi/7.3.1/../../../../arm-none-eabi/lib/thumb/v7e-m/fpv4-sp/hard\libc_nano.a(lib_a-nano-vfprintf_i.o)
                0x08004d20                _printf_common
 *fill*         0x08004e0a        0x2 
 .text._printf_i
                0x08004e0c      0x224 d:/ac6/systemworkbench/plugins/fr.ac6.mcu.externaltools.arm-none.win32_1.17.0.201812190825/tools/compiler/bin/../lib/gcc/arm-none-eabi/7.3.1/../../../../arm-none-eabi/lib/thumb/v7e-m/fpv4-sp/hard\libc_nano.a(lib_a-nano-vfprintf_i.o)
                0x08004e0c                _printf_i
 .text.memmove  0x08005030       0x32 d:/ac6/systemworkbench/plugins/fr.ac6.mcu.externaltools.arm-none.win32_1.17.0.201812190825/tools/compiler/bin/../lib/gcc/arm-none-eabi/7.3.1/../../../../arm-none-eabi/lib/thumb/v7e-m/fpv4-sp/hard\libc_nano.a(lib_a-memmove.o)
                0x08005030                memmove
 .text._realloc_r
                0x08005062       0x4c d:/ac6/systemworkbench/plugins/fr.ac6.mcu.externaltools.arm-none.win32_1.17.0.201812190825/tools/compiler/bin/../lib/gcc/arm-none-eabi/7.3.1/../../../../arm-none-eabi/lib/thumb/v7e-m/fpv4-sp/hard\libc_nano.a(lib_a-nano-reallocr.o)
                0x08005062                _realloc_r
 .text._malloc_usable_size_r
                0x080050ae       0x10 d:/ac6/systemworkbench/plugins/fr.ac6.mcu.externaltools.arm-none.win32_1.17.0.201812190825/tools/compiler/bin/../lib/gcc/arm-none-eabi/7.3.1/../../../../arm-none-eabi/lib/thumb/v7e-m/fpv4-sp/hard\libc_nano.a(lib_a-nano-msizer.o)
                0x080050ae                _malloc_usable_size_r
 *fill*         0x080050be        0x2 
 .text._sbrk    0x080050c0       0x1c d:/ac6/systemworkbench/plugins/fr.ac6.mcu.externaltools.arm-none.win32_1.17.0.201812190825/tools/compiler/bin/../lib/gcc/arm-none-eabi/7.3.1/../../../../arm-none-eabi/lib/thumb/v7e-m/fpv4-sp/hard\libnosys.a(sbrk.o)
                0x080050c0                _sbrk
 *(.glue_7)
 .glue_7        0x080050dc        0x0 linker stubs
 *(.glue_7t)
 .glue_7t       0x080050dc        0x0 linker stubs
 *(.eh_frame)
 .eh_frame      0x080050dc        0x0 d:/ac6/systemworkbench/plugins/fr.ac6.mcu.externaltools.arm-none.win32_1.17.0.201812190825/tools/compiler/bin/../lib/gcc/arm-none-eabi/7.3.1/thumb/v7e-m/fpv4-sp/hard/crtbegin.o
 *(.init)
 .init          0x080050dc        0x4 d:/ac6/systemworkbench/plugins/fr.ac6.mcu.externaltools.arm-none.win32_1.17.0.201812190825/tools/compiler/bin/../lib/gcc/arm-none-eabi/7.3.1/thumb/v7e-m/fpv4-sp/hard/crti.o
                0x080050dc                _init
 .init          0x080050e0        0x8 d:/ac6/systemworkbench/plugins/fr.ac6.mcu.externaltools.arm-none.win32_1.17.0.201812190825/tools/compiler/bin/../lib/gcc/arm-none-eabi/7.3.1/thumb/v7e-m/fpv4-sp/hard/crtn.o
 *(.fini)
 .fini          0x080050e8        0x4 d:/ac6/systemworkbench/plugins/fr.ac6.mcu.externaltools.arm-none.win32_1.17.0.201812190825/tools/compiler/bin/../lib/gcc/arm-none-eabi/7.3.1/thumb/v7e-m/fpv4-sp/hard/crti.o
                0x080050e8                _fini
 .fini          0x080050ec        0x8 d:/ac6/systemworkbench/plugins/fr.ac6.mcu.externaltools.arm-none.win32_1.17.0.201812190825/tools/compiler/bin/../lib/gcc/arm-none-eabi/7.3.1/thumb/v7e-m/fpv4-sp/hard/crtn.o
                0x080050f4                . = ALIGN (0x4)
                0x080050f4                _etext = .

.vfp11_veneer   0x080050f4        0x0
 .vfp11_veneer  0x080050f4        0x0 linker stubs

.v4_bx          0x080050f4        0x0
 .v4_bx         0x080050f4        0x0 linker stubs

.iplt           0x080050f4        0x0
 .iplt          0x080050f4        0x0 d:/ac6/systemworkbench/plugins/fr.ac6.mcu.externaltools.arm-none.win32_1.17.0.201812190825/tools/compiler/bin/../lib/gcc/arm-none-eabi/7.3.1/thumb/v7e-m/fpv4-sp/hard/crtbegin.o

.rodata         0x080050f4       0xd0
                0x080050f4                . = ALIGN (0x4)
 *(.rodata)
 .rodata        0x080050f4       0x18 Src/system_stm32f4xx.o
                0x080050f4                AHBPrescTable
                0x08005104                APBPrescTable
 *(.rodata*)
 .rodata.str1.4
                0x0800510c       0x84 Src/main.o
                                 0x81 (size before relaxing)
 .rodata._svfprintf_r.str1.1
                0x08005190       0x11 d:/ac6/systemworkbench/plugins/fr.ac6.mcu.externaltools.arm-none.win32_1.17.0.201812190825/tools/compiler/bin/../lib/gcc/arm-none-eabi/7.3.1/../../../../arm-none-eabi/lib/thumb/v7e-m/fpv4-sp/hard\libc_nano.a(lib_a-nano-svfprintf.o)
 .rodata._printf_i.str1.1
                0x080051a1       0x22 d:/ac6/systemworkbench/plugins/fr.ac6.mcu.externaltools.arm-none.win32_1.17.0.201812190825/tools/compiler/bin/../lib/gcc/arm-none-eabi/7.3.1/../../../../arm-none-eabi/lib/thumb/v7e-m/fpv4-sp/hard\libc_nano.a(lib_a-nano-vfprintf_i.o)
                0x080051c4                . = ALIGN (0x4)
 *fill*         0x080051c3        0x1 

.ARM.extab
 *(.ARM.extab* .gnu.linkonce.armextab.*)

.ARM            0x080051c4        0x8
                0x080051c4                __exidx_start = .
 *(.ARM.exidx*)
 .ARM.exidx     0x080051c4        0x8 d:/ac6/systemworkbench/plugins/fr.ac6.mcu.externaltools.arm-none.win32_1.17.0.201812190825/tools/compiler/bin/../lib/gcc/arm-none-eabi/7.3.1/thumb/v7e-m/fpv4-sp/hard\libgcc.a(_udivmoddi4.o)
                0x080051cc                __exidx_end = .

.rel.dyn        0x080051cc        0x0
 .rel.iplt      0x080051cc        0x0 d:/ac6/systemworkbench/plugins/fr.ac6.mcu.externaltools.arm-none.win32_1.17.0.201812190825/tools/compiler/bin/../lib/gcc/arm-none-eabi/7.3.1/thumb/v7e-m/fpv4-sp/hard/crtbegin.o

.preinit_array  0x080051cc        0x0
                0x080051cc                PROVIDE (__preinit_array_start = .)
 *(.preinit_array*)
                0x080051cc                PROVIDE (__preinit_array_end = .)

.init_array     0x080051cc        0x4
                0x080051cc                PROVIDE (__init_array_start = .)
 *(SORT_BY_NAME(.init_array.*))
 *(.init_array*)
 .init_array    0x080051cc        0x4 d:/ac6/systemworkbench/plugins/fr.ac6.mcu.externaltools.arm-none.win32_1.17.0.201812190825/tools/compiler/bin/../lib/gcc/arm-none-eabi/7.3.1/thumb/v7e-m/fpv4-sp/hard/crtbegin.o
                0x080051d0                PROVIDE (__init_array_end = .)

.fini_array     0x080051d0        0x4
                [!provide]                PROVIDE (__fini_array_start = .)
 *(SORT_BY_NAME(.fini_array.*))
 *(.fini_array*)
 .fini_array    0x080051d0        0x4 d:/ac6/systemworkbench/plugins/fr.ac6.mcu.externaltools.arm-none.win32_1.17.0.201812190825/tools/compiler/bin/../lib/gcc/arm-none-eabi/7.3.1/thumb/v7e-m/fpv4-sp/hard/crtbegin.o
                [!provide]                PROVIDE (__fini_array_end = .)
                0x080051d4                _sidata = LOADADDR (.data)

.data           0x20000000      0x49c load address 0x080051d4
                0x20000000                . = ALIGN (0x4)
                0x20000000                _sdata = .
 *(.data)
 .data          0x20000000        0x8 Drivers/STM32F4xx_HAL_Driver/Src/stm32f4xx_hal.o
                0x20000000                uwTickFreq
                0x20000004                uwTickPrio
 .data          0x20000008      0x40c Src/Data_Transmission_functional_unit.o
                0x20000008                data_record_1
                0x2000000c                data_record_2
                0x20000010                data_record_3
                0x20000014                memory
 .data          0x20000414       0x1e Src/Diagnostic_Communication_Management_functional_unit.o
                0x20000414                uds_session
                0x20000416                security_seed_lvl1
                0x20000417                security_seed_lvl2
                0x20000418                security_key_lvl1
                0x20000419                security_key_lvl2
                0x2000041c                timing_params
                0x20000420                current_session
                0x20000431                dtc_update_enabled
 *fill*         0x20000432        0x2 
 .data          0x20000434        0x4 Src/system_stm32f4xx.o
                0x20000434                SystemCoreClock
 *(.data*)
 .data._impure_ptr
                0x20000438        0x4 d:/ac6/systemworkbench/plugins/fr.ac6.mcu.externaltools.arm-none.win32_1.17.0.201812190825/tools/compiler/bin/../lib/gcc/arm-none-eabi/7.3.1/../../../../arm-none-eabi/lib/thumb/v7e-m/fpv4-sp/hard\libc_nano.a(lib_a-impure.o)
                0x20000438                _impure_ptr
 .data.impure_data
                0x2000043c       0x60 d:/ac6/systemworkbench/plugins/fr.ac6.mcu.externaltools.arm-none.win32_1.17.0.201812190825/tools/compiler/bin/../lib/gcc/arm-none-eabi/7.3.1/../../../../arm-none-eabi/lib/thumb/v7e-m/fpv4-sp/hard\libc_nano.a(lib_a-impure.o)
                0x2000049c                . = ALIGN (0x4)
                0x2000049c                _edata = .

.igot.plt       0x2000049c        0x0 load address 0x08005670
 .igot.plt      0x2000049c        0x0 d:/ac6/systemworkbench/plugins/fr.ac6.mcu.externaltools.arm-none.win32_1.17.0.201812190825/tools/compiler/bin/../lib/gcc/arm-none-eabi/7.3.1/thumb/v7e-m/fpv4-sp/hard/crtbegin.o
                0x2000049c                . = ALIGN (0x4)

.bss            0x2000049c    0x1b00c load address 0x08005670
                0x2000049c                _sbss = .
                0x2000049c                __bss_start__ = _sbss
 *(.bss)
 .bss           0x2000049c       0x1c d:/ac6/systemworkbench/plugins/fr.ac6.mcu.externaltools.arm-none.win32_1.17.0.201812190825/tools/compiler/bin/../lib/gcc/arm-none-eabi/7.3.1/thumb/v7e-m/fpv4-sp/hard/crtbegin.o
 .bss           0x200004b8       0x80 Src/Data_Transmission_functional_unit.o
                0x200004f8                did_storage
 .bss           0x20000538        0x1 Src/Upload_Download_functional_unit.o
 *(.bss*)
 *fill*         0x20000539        0x3 
 .bss.__malloc_free_list
                0x2000053c        0x4 d:/ac6/systemworkbench/plugins/fr.ac6.mcu.externaltools.arm-none.win32_1.17.0.201812190825/tools/compiler/bin/../lib/gcc/arm-none-eabi/7.3.1/../../../../arm-none-eabi/lib/thumb/v7e-m/fpv4-sp/hard\libc_nano.a(lib_a-nano-mallocr.o)
                0x2000053c                __malloc_free_list
 .bss.__malloc_sbrk_start
                0x20000540        0x4 d:/ac6/systemworkbench/plugins/fr.ac6.mcu.externaltools.arm-none.win32_1.17.0.201812190825/tools/compiler/bin/../lib/gcc/arm-none-eabi/7.3.1/../../../../arm-none-eabi/lib/thumb/v7e-m/fpv4-sp/hard\libc_nano.a(lib_a-nano-mallocr.o)
                0x20000540                __malloc_sbrk_start
 .bss.heap_end.5377
                0x20000544        0x4 d:/ac6/systemworkbench/plugins/fr.ac6.mcu.externaltools.arm-none.win32_1.17.0.201812190825/tools/compiler/bin/../lib/gcc/arm-none-eabi/7.3.1/../../../../arm-none-eabi/lib/thumb/v7e-m/fpv4-sp/hard\libnosys.a(sbrk.o)
 *(COMMON)
 COMMON         0x20000548        0x4 Drivers/STM32F4xx_HAL_Driver/Src/stm32f4xx_hal.o
                0x20000548                uwTick
 COMMON         0x2000054c       0x30 Src/Data_Transmission_functional_unit.o
                0x2000054c                periodic_pid_list
 COMMON         0x2000057c       0x54 Src/Diagnostic_Communication_Management_functional_unit.o
                0x2000057c                link_control
                0x20000580                events
 COMMON         0x200005d0    0x1ae50 Src/Stored_Data_Transmission_functional_unit.o
                0x200005d0                mirror_dtc_list
                0x20009540                user_defined_memory_list
                0x200124b0                stored_dtc_list
 COMMON         0x2001b420       0x84 Src/main.o
                0x2001b420                huart2
                0x2001b460                hcan1
                0x2001b488                RxHeader
 COMMON         0x2001b4a4        0x4 d:/ac6/systemworkbench/plugins/fr.ac6.mcu.externaltools.arm-none.win32_1.17.0.201812190825/tools/compiler/bin/../lib/gcc/arm-none-eabi/7.3.1/../../../../arm-none-eabi/lib/thumb/v7e-m/fpv4-sp/hard\libc_nano.a(lib_a-reent.o)
                0x2001b4a4                errno
                0x2001b4a8                . = ALIGN (0x4)
                0x2001b4a8                _ebss = .
                0x2001b4a8                __bss_end__ = _ebss

._user_heap_stack
                0x2001b4a8      0x600 load address 0x08005670
                0x2001b4a8                . = ALIGN (0x8)
                0x2001b4a8                PROVIDE (end = .)
                [!provide]                PROVIDE (_end = .)
                0x2001b6a8                . = (. + _Min_Heap_Size)
 *fill*         0x2001b4a8      0x200 
                0x2001baa8                . = (. + _Min_Stack_Size)
 *fill*         0x2001b6a8      0x400 
                0x2001baa8                . = ALIGN (0x8)

/DISCARD/
 libc.a(*)
 libm.a(*)
 libgcc.a(*)

.ARM.attributes
                0x00000000       0x30
 *(.ARM.attributes)
 .ARM.attributes
                0x00000000       0x22 d:/ac6/systemworkbench/plugins/fr.ac6.mcu.externaltools.arm-none.win32_1.17.0.201812190825/tools/compiler/bin/../lib/gcc/arm-none-eabi/7.3.1/thumb/v7e-m/fpv4-sp/hard/crti.o
 .ARM.attributes
                0x00000022       0x34 d:/ac6/systemworkbench/plugins/fr.ac6.mcu.externaltools.arm-none.win32_1.17.0.201812190825/tools/compiler/bin/../lib/gcc/arm-none-eabi/7.3.1/thumb/v7e-m/fpv4-sp/hard/crtbegin.o
 .ARM.attributes
                0x00000056       0x39 Drivers/STM32F4xx_HAL_Driver/Src/stm32f4xx_hal.o
 .ARM.attributes
                0x0000008f       0x39 Drivers/STM32F4xx_HAL_Driver/Src/stm32f4xx_hal_can.o
 .ARM.attributes
                0x000000c8       0x39 Drivers/STM32F4xx_HAL_Driver/Src/stm32f4xx_hal_cortex.o
 .ARM.attributes
                0x00000101       0x39 Drivers/STM32F4xx_HAL_Driver/Src/stm32f4xx_hal_gpio.o
 .ARM.attributes
                0x0000013a       0x39 Drivers/STM32F4xx_HAL_Driver/Src/stm32f4xx_hal_pwr.o
 .ARM.attributes
                0x00000173       0x39 Drivers/STM32F4xx_HAL_Driver/Src/stm32f4xx_hal_rcc.o
 .ARM.attributes
                0x000001ac       0x39 Drivers/STM32F4xx_HAL_Driver/Src/stm32f4xx_hal_rcc_ex.o
 .ARM.attributes
                0x000001e5       0x39 Drivers/STM32F4xx_HAL_Driver/Src/stm32f4xx_hal_uart.o
 .ARM.attributes
                0x0000021e       0x39 Src/Data_Transmission_functional_unit.o
 .ARM.attributes
                0x00000257       0x39 Src/Diagnostic_Communication_Management_functional_unit.o
 .ARM.attributes
                0x00000290       0x39 Src/InputOutput_Control_functional_unit.o
 .ARM.attributes
                0x000002c9       0x39 Src/Routine_functional_unit.o
 .ARM.attributes
                0x00000302       0x39 Src/Stored_Data_Transmission_functional_unit.o
 .ARM.attributes
                0x0000033b       0x39 Src/Upload_Download_functional_unit.o
 .ARM.attributes
                0x00000374       0x39 Src/it.o
 .ARM.attributes
                0x000003ad       0x39 Src/main.o
 .ARM.attributes
                0x000003e6       0x39 Src/msp.o
 .ARM.attributes
                0x0000041f       0x39 Src/system_stm32f4xx.o
 .ARM.attributes
                0x00000458       0x21 startup/startup_stm32f446xx.o
 .ARM.attributes
                0x00000479       0x22 d:/ac6/systemworkbench/plugins/fr.ac6.mcu.externaltools.arm-none.win32_1.17.0.201812190825/tools/compiler/bin/../lib/gcc/arm-none-eabi/7.3.1/thumb/v7e-m/fpv4-sp/hard\libgcc.a(_aeabi_uldivmod.o)
 .ARM.attributes
                0x0000049b       0x34 d:/ac6/systemworkbench/plugins/fr.ac6.mcu.externaltools.arm-none.win32_1.17.0.201812190825/tools/compiler/bin/../lib/gcc/arm-none-eabi/7.3.1/thumb/v7e-m/fpv4-sp/hard\libgcc.a(_udivmoddi4.o)
 .ARM.attributes
                0x000004cf       0x22 d:/ac6/systemworkbench/plugins/fr.ac6.mcu.externaltools.arm-none.win32_1.17.0.201812190825/tools/compiler/bin/../lib/gcc/arm-none-eabi/7.3.1/thumb/v7e-m/fpv4-sp/hard\libgcc.a(_dvmd_tls.o)
 .ARM.attributes
                0x000004f1       0x34 d:/ac6/systemworkbench/plugins/fr.ac6.mcu.externaltools.arm-none.win32_1.17.0.201812190825/tools/compiler/bin/../lib/gcc/arm-none-eabi/7.3.1/../../../../arm-none-eabi/lib/thumb/v7e-m/fpv4-sp/hard\libc_nano.a(lib_a-impure.o)
 .ARM.attributes
                0x00000525       0x34 d:/ac6/systemworkbench/plugins/fr.ac6.mcu.externaltools.arm-none.win32_1.17.0.201812190825/tools/compiler/bin/../lib/gcc/arm-none-eabi/7.3.1/../../../../arm-none-eabi/lib/thumb/v7e-m/fpv4-sp/hard\libc_nano.a(lib_a-init.o)
 .ARM.attributes
                0x00000559       0x34 d:/ac6/systemworkbench/plugins/fr.ac6.mcu.externaltools.arm-none.win32_1.17.0.201812190825/tools/compiler/bin/../lib/gcc/arm-none-eabi/7.3.1/../../../../arm-none-eabi/lib/thumb/v7e-m/fpv4-sp/hard\libc_nano.a(lib_a-malloc.o)
 .ARM.attributes
                0x0000058d       0x34 d:/ac6/systemworkbench/plugins/fr.ac6.mcu.externaltools.arm-none.win32_1.17.0.201812190825/tools/compiler/bin/../lib/gcc/arm-none-eabi/7.3.1/../../../../arm-none-eabi/lib/thumb/v7e-m/fpv4-sp/hard\libc_nano.a(lib_a-memcpy-stub.o)
 .ARM.attributes
                0x000005c1       0x34 d:/ac6/systemworkbench/plugins/fr.ac6.mcu.externaltools.arm-none.win32_1.17.0.201812190825/tools/compiler/bin/../lib/gcc/arm-none-eabi/7.3.1/../../../../arm-none-eabi/lib/thumb/v7e-m/fpv4-sp/hard\libc_nano.a(lib_a-memset.o)
 .ARM.attributes
                0x000005f5       0x34 d:/ac6/systemworkbench/plugins/fr.ac6.mcu.externaltools.arm-none.win32_1.17.0.201812190825/tools/compiler/bin/../lib/gcc/arm-none-eabi/7.3.1/../../../../arm-none-eabi/lib/thumb/v7e-m/fpv4-sp/hard\libc_nano.a(lib_a-nano-freer.o)
 .ARM.attributes
                0x00000629       0x34 d:/ac6/systemworkbench/plugins/fr.ac6.mcu.externaltools.arm-none.win32_1.17.0.201812190825/tools/compiler/bin/../lib/gcc/arm-none-eabi/7.3.1/../../../../arm-none-eabi/lib/thumb/v7e-m/fpv4-sp/hard\libc_nano.a(lib_a-nano-mallocr.o)
 .ARM.attributes
                0x0000065d       0x34 d:/ac6/systemworkbench/plugins/fr.ac6.mcu.externaltools.arm-none.win32_1.17.0.201812190825/tools/compiler/bin/../lib/gcc/arm-none-eabi/7.3.1/../../../../arm-none-eabi/lib/thumb/v7e-m/fpv4-sp/hard\libc_nano.a(lib_a-sbrkr.o)
 .ARM.attributes
                0x00000691       0x34 d:/ac6/systemworkbench/plugins/fr.ac6.mcu.externaltools.arm-none.win32_1.17.0.201812190825/tools/compiler/bin/../lib/gcc/arm-none-eabi/7.3.1/../../../../arm-none-eabi/lib/thumb/v7e-m/fpv4-sp/hard\libc_nano.a(lib_a-sprintf.o)
 .ARM.attributes
                0x000006c5       0x1b d:/ac6/systemworkbench/plugins/fr.ac6.mcu.externaltools.arm-none.win32_1.17.0.201812190825/tools/compiler/bin/../lib/gcc/arm-none-eabi/7.3.1/../../../../arm-none-eabi/lib/thumb/v7e-m/fpv4-sp/hard\libc_nano.a(lib_a-strlen.o)
 .ARM.attributes
                0x000006e0       0x34 d:/ac6/systemworkbench/plugins/fr.ac6.mcu.externaltools.arm-none.win32_1.17.0.201812190825/tools/compiler/bin/../lib/gcc/arm-none-eabi/7.3.1/../../../../arm-none-eabi/lib/thumb/v7e-m/fpv4-sp/hard\libc_nano.a(lib_a-mlock.o)
 .ARM.attributes
                0x00000714       0x34 d:/ac6/systemworkbench/plugins/fr.ac6.mcu.externaltools.arm-none.win32_1.17.0.201812190825/tools/compiler/bin/../lib/gcc/arm-none-eabi/7.3.1/../../../../arm-none-eabi/lib/thumb/v7e-m/fpv4-sp/hard\libc_nano.a(lib_a-nano-svfprintf.o)
 .ARM.attributes
                0x00000748       0x34 d:/ac6/systemworkbench/plugins/fr.ac6.mcu.externaltools.arm-none.win32_1.17.0.201812190825/tools/compiler/bin/../lib/gcc/arm-none-eabi/7.3.1/../../../../arm-none-eabi/lib/thumb/v7e-m/fpv4-sp/hard\libc_nano.a(lib_a-nano-vfprintf_i.o)
 .ARM.attributes
                0x0000077c       0x34 d:/ac6/systemworkbench/plugins/fr.ac6.mcu.externaltools.arm-none.win32_1.17.0.201812190825/tools/compiler/bin/../lib/gcc/arm-none-eabi/7.3.1/../../../../arm-none-eabi/lib/thumb/v7e-m/fpv4-sp/hard\libc_nano.a(lib_a-reent.o)
 .ARM.attributes
                0x000007b0       0x20 d:/ac6/systemworkbench/plugins/fr.ac6.mcu.externaltools.arm-none.win32_1.17.0.201812190825/tools/compiler/bin/../lib/gcc/arm-none-eabi/7.3.1/../../../../arm-none-eabi/lib/thumb/v7e-m/fpv4-sp/hard\libc_nano.a(lib_a-memchr.o)
 .ARM.attributes
                0x000007d0       0x34 d:/ac6/systemworkbench/plugins/fr.ac6.mcu.externaltools.arm-none.win32_1.17.0.201812190825/tools/compiler/bin/../lib/gcc/arm-none-eabi/7.3.1/../../../../arm-none-eabi/lib/thumb/v7e-m/fpv4-sp/hard\libc_nano.a(lib_a-memmove.o)
 .ARM.attributes
                0x00000804       0x34 d:/ac6/systemworkbench/plugins/fr.ac6.mcu.externaltools.arm-none.win32_1.17.0.201812190825/tools/compiler/bin/../lib/gcc/arm-none-eabi/7.3.1/../../../../arm-none-eabi/lib/thumb/v7e-m/fpv4-sp/hard\libc_nano.a(lib_a-nano-reallocr.o)
 .ARM.attributes
                0x00000838       0x34 d:/ac6/systemworkbench/plugins/fr.ac6.mcu.externaltools.arm-none.win32_1.17.0.201812190825/tools/compiler/bin/../lib/gcc/arm-none-eabi/7.3.1/../../../../arm-none-eabi/lib/thumb/v7e-m/fpv4-sp/hard\libc_nano.a(lib_a-nano-msizer.o)
 .ARM.attributes
                0x0000086c       0x34 d:/ac6/systemworkbench/plugins/fr.ac6.mcu.externaltools.arm-none.win32_1.17.0.201812190825/tools/compiler/bin/../lib/gcc/arm-none-eabi/7.3.1/../../../../arm-none-eabi/lib/thumb/v7e-m/fpv4-sp/hard\libnosys.a(sbrk.o)
 .ARM.attributes
                0x000008a0       0x22 d:/ac6/systemworkbench/plugins/fr.ac6.mcu.externaltools.arm-none.win32_1.17.0.201812190825/tools/compiler/bin/../lib/gcc/arm-none-eabi/7.3.1/thumb/v7e-m/fpv4-sp/hard/crtn.o
OUTPUT(Implementation_UDS_CAN.elf elf32-littlearm)

.debug_info     0x00000000    0x1c0a6
 .debug_info    0x00000000     0x13d5 Drivers/STM32F4xx_HAL_Driver/Src/stm32f4xx_hal.o
 .debug_info    0x000013d5     0x19e8 Drivers/STM32F4xx_HAL_Driver/Src/stm32f4xx_hal_can.o
 .debug_info    0x00002dbd     0x191d Drivers/STM32F4xx_HAL_Driver/Src/stm32f4xx_hal_cortex.o
 .debug_info    0x000046da     0x118b Drivers/STM32F4xx_HAL_Driver/Src/stm32f4xx_hal_gpio.o
 .debug_info    0x00005865     0x11d4 Drivers/STM32F4xx_HAL_Driver/Src/stm32f4xx_hal_pwr.o
 .debug_info    0x00006a39     0x1445 Drivers/STM32F4xx_HAL_Driver/Src/stm32f4xx_hal_rcc.o
 .debug_info    0x00007e7e     0x15b4 Drivers/STM32F4xx_HAL_Driver/Src/stm32f4xx_hal_rcc_ex.o
 .debug_info    0x00009432     0x20c4 Drivers/STM32F4xx_HAL_Driver/Src/stm32f4xx_hal_uart.o
 .debug_info    0x0000b4f6     0x1ee3 Src/Data_Transmission_functional_unit.o
 .debug_info    0x0000d3d9     0x2621 Src/Diagnostic_Communication_Management_functional_unit.o
 .debug_info    0x0000f9fa      0xc8f Src/InputOutput_Control_functional_unit.o
 .debug_info    0x00010689     0x118f Src/Routine_functional_unit.o
 .debug_info    0x00011818     0x305c Src/Stored_Data_Transmission_functional_unit.o
 .debug_info    0x00014874     0x185c Src/Upload_Download_functional_unit.o
 .debug_info    0x000160d0      0xf45 Src/it.o
 .debug_info    0x00017015     0x2238 Src/main.o
 .debug_info    0x0001924d     0x1f30 Src/msp.o
 .debug_info    0x0001b17d      0xf07 Src/system_stm32f4xx.o
 .debug_info    0x0001c084       0x22 startup/startup_stm32f446xx.o

.debug_abbrev   0x00000000     0x359b
 .debug_abbrev  0x00000000      0x2e5 Drivers/STM32F4xx_HAL_Driver/Src/stm32f4xx_hal.o
 .debug_abbrev  0x000002e5      0x337 Drivers/STM32F4xx_HAL_Driver/Src/stm32f4xx_hal_can.o
 .debug_abbrev  0x0000061c      0x3d6 Drivers/STM32F4xx_HAL_Driver/Src/stm32f4xx_hal_cortex.o
 .debug_abbrev  0x000009f2      0x2a7 Drivers/STM32F4xx_HAL_Driver/Src/stm32f4xx_hal_gpio.o
 .debug_abbrev  0x00000c99      0x25c Drivers/STM32F4xx_HAL_Driver/Src/stm32f4xx_hal_pwr.o
 .debug_abbrev  0x00000ef5      0x333 Drivers/STM32F4xx_HAL_Driver/Src/stm32f4xx_hal_rcc.o
 .debug_abbrev  0x00001228      0x2e9 Drivers/STM32F4xx_HAL_Driver/Src/stm32f4xx_hal_rcc_ex.o
 .debug_abbrev  0x00001511      0x344 Drivers/STM32F4xx_HAL_Driver/Src/stm32f4xx_hal_uart.o
 .debug_abbrev  0x00001855      0x3bc Src/Data_Transmission_functional_unit.o
 .debug_abbrev  0x00001c11      0x413 Src/Diagnostic_Communication_Management_functional_unit.o
 .debug_abbrev  0x00002024      0x228 Src/InputOutput_Control_functional_unit.o
 .debug_abbrev  0x0000224c      0x281 Src/Routine_functional_unit.o
 .debug_abbrev  0x000024cd      0x3a1 Src/Stored_Data_Transmission_functional_unit.o
 .debug_abbrev  0x0000286e      0x356 Src/Upload_Download_functional_unit.o
 .debug_abbrev  0x00002bc4      0x225 Src/it.o
 .debug_abbrev  0x00002de9      0x31a Src/main.o
 .debug_abbrev  0x00003103      0x281 Src/msp.o
 .debug_abbrev  0x00003384      0x205 Src/system_stm32f4xx.o
 .debug_abbrev  0x00003589       0x12 startup/startup_stm32f446xx.o

.debug_loc      0x00000000     0x8aa7
 .debug_loc     0x00000000       0xfd Drivers/STM32F4xx_HAL_Driver/Src/stm32f4xx_hal.o
 .debug_loc     0x000000fd      0xb4f Drivers/STM32F4xx_HAL_Driver/Src/stm32f4xx_hal_can.o
 .debug_loc     0x00000c4c      0x5ce Drivers/STM32F4xx_HAL_Driver/Src/stm32f4xx_hal_cortex.o
 .debug_loc     0x0000121a      0x469 Drivers/STM32F4xx_HAL_Driver/Src/stm32f4xx_hal_gpio.o
 .debug_loc     0x00001683       0x63 Drivers/STM32F4xx_HAL_Driver/Src/stm32f4xx_hal_pwr.o
 .debug_loc     0x000016e6      0x3f1 Drivers/STM32F4xx_HAL_Driver/Src/stm32f4xx_hal_rcc.o
 .debug_loc     0x00001ad7      0xb5e Drivers/STM32F4xx_HAL_Driver/Src/stm32f4xx_hal_rcc_ex.o
 .debug_loc     0x00002635     0x158b Drivers/STM32F4xx_HAL_Driver/Src/stm32f4xx_hal_uart.o
 .debug_loc     0x00003bc0     0x11d6 Src/Data_Transmission_functional_unit.o
 .debug_loc     0x00004d96     0x1016 Src/Diagnostic_Communication_Management_functional_unit.o
 .debug_loc     0x00005dac       0xd8 Src/InputOutput_Control_functional_unit.o
 .debug_loc     0x00005e84      0x10e Src/Routine_functional_unit.o
 .debug_loc     0x00005f92     0x251f Src/Stored_Data_Transmission_functional_unit.o
 .debug_loc     0x000084b1      0x36e Src/Upload_Download_functional_unit.o
 .debug_loc     0x0000881f       0xe7 Src/main.o
 .debug_loc     0x00008906       0x63 Src/msp.o
 .debug_loc     0x00008969      0x13e Src/system_stm32f4xx.o

.debug_aranges  0x00000000      0xd00
 .debug_aranges
                0x00000000       0xe0 Drivers/STM32F4xx_HAL_Driver/Src/stm32f4xx_hal.o
 .debug_aranges
                0x000000e0      0x138 Drivers/STM32F4xx_HAL_Driver/Src/stm32f4xx_hal_can.o
 .debug_aranges
                0x00000218       0xa8 Drivers/STM32F4xx_HAL_Driver/Src/stm32f4xx_hal_cortex.o
 .debug_aranges
                0x000002c0       0x58 Drivers/STM32F4xx_HAL_Driver/Src/stm32f4xx_hal_gpio.o
 .debug_aranges
                0x00000318       0xa0 Drivers/STM32F4xx_HAL_Driver/Src/stm32f4xx_hal_pwr.o
 .debug_aranges
                0x000003b8       0x88 Drivers/STM32F4xx_HAL_Driver/Src/stm32f4xx_hal_rcc.o
 .debug_aranges
                0x00000440       0x78 Drivers/STM32F4xx_HAL_Driver/Src/stm32f4xx_hal_rcc_ex.o
 .debug_aranges
                0x000004b8      0x1d0 Drivers/STM32F4xx_HAL_Driver/Src/stm32f4xx_hal_uart.o
 .debug_aranges
                0x00000688      0x100 Src/Data_Transmission_functional_unit.o
 .debug_aranges
                0x00000788      0x1a8 Src/Diagnostic_Communication_Management_functional_unit.o
 .debug_aranges
                0x00000930       0x38 Src/InputOutput_Control_functional_unit.o
 .debug_aranges
                0x00000968       0x50 Src/Routine_functional_unit.o
 .debug_aranges
                0x000009b8      0x148 Src/Stored_Data_Transmission_functional_unit.o
 .debug_aranges
                0x00000b00       0xd8 Src/Upload_Download_functional_unit.o
 .debug_aranges
                0x00000bd8       0x38 Src/it.o
 .debug_aranges
                0x00000c10       0x68 Src/main.o
 .debug_aranges
                0x00000c78       0x38 Src/msp.o
 .debug_aranges
                0x00000cb0       0x28 Src/system_stm32f4xx.o
 .debug_aranges
                0x00000cd8       0x28 startup/startup_stm32f446xx.o

.debug_ranges   0x00000000     0x1068
 .debug_ranges  0x00000000       0xd0 Drivers/STM32F4xx_HAL_Driver/Src/stm32f4xx_hal.o
 .debug_ranges  0x000000d0      0x128 Drivers/STM32F4xx_HAL_Driver/Src/stm32f4xx_hal_can.o
 .debug_ranges  0x000001f8       0xf8 Drivers/STM32F4xx_HAL_Driver/Src/stm32f4xx_hal_cortex.o
 .debug_ranges  0x000002f0       0x48 Drivers/STM32F4xx_HAL_Driver/Src/stm32f4xx_hal_gpio.o
 .debug_ranges  0x00000338       0x90 Drivers/STM32F4xx_HAL_Driver/Src/stm32f4xx_hal_pwr.o
 .debug_ranges  0x000003c8       0x90 Drivers/STM32F4xx_HAL_Driver/Src/stm32f4xx_hal_rcc.o
 .debug_ranges  0x00000458       0x80 Drivers/STM32F4xx_HAL_Driver/Src/stm32f4xx_hal_rcc_ex.o
 .debug_ranges  0x000004d8      0x1c0 Drivers/STM32F4xx_HAL_Driver/Src/stm32f4xx_hal_uart.o
 .debug_ranges  0x00000698      0x1b8 Src/Data_Transmission_functional_unit.o
 .debug_ranges  0x00000850      0x1c8 Src/Diagnostic_Communication_Management_functional_unit.o
 .debug_ranges  0x00000a18       0x28 Src/InputOutput_Control_functional_unit.o
 .debug_ranges  0x00000a40       0x40 Src/Routine_functional_unit.o
 .debug_ranges  0x00000a80      0x440 Src/Stored_Data_Transmission_functional_unit.o
 .debug_ranges  0x00000ec0       0xc8 Src/Upload_Download_functional_unit.o
 .debug_ranges  0x00000f88       0x28 Src/it.o
 .debug_ranges  0x00000fb0       0x58 Src/main.o
 .debug_ranges  0x00001008       0x28 Src/msp.o
 .debug_ranges  0x00001030       0x18 Src/system_stm32f4xx.o
 .debug_ranges  0x00001048       0x20 startup/startup_stm32f446xx.o

.debug_macro    0x00000000    0x2472c
 .debug_macro   0x00000000      0x3e7 Drivers/STM32F4xx_HAL_Driver/Src/stm32f4xx_hal.o
 .debug_macro   0x000003e7      0xa60 Drivers/STM32F4xx_HAL_Driver/Src/stm32f4xx_hal.o
 .debug_macro   0x00000e47       0x22 Drivers/STM32F4xx_HAL_Driver/Src/stm32f4xx_hal.o
 .debug_macro   0x00000e69       0x8e Drivers/STM32F4xx_HAL_Driver/Src/stm32f4xx_hal.o
 .debug_macro   0x00000ef7       0x51 Drivers/STM32F4xx_HAL_Driver/Src/stm32f4xx_hal.o
 .debug_macro   0x00000f48       0xef Drivers/STM32F4xx_HAL_Driver/Src/stm32f4xx_hal.o
 .debug_macro   0x00001037       0x6a Drivers/STM32F4xx_HAL_Driver/Src/stm32f4xx_hal.o
 .debug_macro   0x000010a1      0x1df Drivers/STM32F4xx_HAL_Driver/Src/stm32f4xx_hal.o
 .debug_macro   0x00001280       0x22 Drivers/STM32F4xx_HAL_Driver/Src/stm32f4xx_hal.o
 .debug_macro   0x000012a2       0x64 Drivers/STM32F4xx_HAL_Driver/Src/stm32f4xx_hal.o
 .debug_macro   0x00001306      0x150 Drivers/STM32F4xx_HAL_Driver/Src/stm32f4xx_hal.o
 .debug_macro   0x00001456       0x76 Drivers/STM32F4xx_HAL_Driver/Src/stm32f4xx_hal.o
 .debug_macro   0x000014cc       0xee Drivers/STM32F4xx_HAL_Driver/Src/stm32f4xx_hal.o
 .debug_macro   0x000015ba       0x2e Drivers/STM32F4xx_HAL_Driver/Src/stm32f4xx_hal.o
 .debug_macro   0x000015e8       0x28 Drivers/STM32F4xx_HAL_Driver/Src/stm32f4xx_hal.o
 .debug_macro   0x00001610       0x34 Drivers/STM32F4xx_HAL_Driver/Src/stm32f4xx_hal.o
 .debug_macro   0x00001644       0x52 Drivers/STM32F4xx_HAL_Driver/Src/stm32f4xx_hal.o
 .debug_macro   0x00001696      0x186 Drivers/STM32F4xx_HAL_Driver/Src/stm32f4xx_hal.o
 .debug_macro   0x0000181c       0x32 Drivers/STM32F4xx_HAL_Driver/Src/stm32f4xx_hal.o
 .debug_macro   0x0000184e       0x28 Drivers/STM32F4xx_HAL_Driver/Src/stm32f4xx_hal.o
 .debug_macro   0x00001876       0x3b Drivers/STM32F4xx_HAL_Driver/Src/stm32f4xx_hal.o
 .debug_macro   0x000018b1       0x50 Drivers/STM32F4xx_HAL_Driver/Src/stm32f4xx_hal.o
 .debug_macro   0x00001901      0xe66 Drivers/STM32F4xx_HAL_Driver/Src/stm32f4xx_hal.o
 .debug_macro   0x00002767    0x16607 Drivers/STM32F4xx_HAL_Driver/Src/stm32f4xx_hal.o
 .debug_macro   0x00018d6e       0x43 Drivers/STM32F4xx_HAL_Driver/Src/stm32f4xx_hal.o
 .debug_macro   0x00018db1     0x3535 Drivers/STM32F4xx_HAL_Driver/Src/stm32f4xx_hal.o
 .debug_macro   0x0001c2e6       0x5e Drivers/STM32F4xx_HAL_Driver/Src/stm32f4xx_hal.o
 .debug_macro   0x0001c344       0x18 Drivers/STM32F4xx_HAL_Driver/Src/stm32f4xx_hal.o
 .debug_macro   0x0001c35c       0x35 Drivers/STM32F4xx_HAL_Driver/Src/stm32f4xx_hal.o
 .debug_macro   0x0001c391       0x34 Drivers/STM32F4xx_HAL_Driver/Src/stm32f4xx_hal.o
 .debug_macro   0x0001c3c5       0x16 Drivers/STM32F4xx_HAL_Driver/Src/stm32f4xx_hal.o
 .debug_macro   0x0001c3db       0x97 Drivers/STM32F4xx_HAL_Driver/Src/stm32f4xx_hal.o
 .debug_macro   0x0001c472      0x330 Drivers/STM32F4xx_HAL_Driver/Src/stm32f4xx_hal.o
 .debug_macro   0x0001c7a2       0xfd Drivers/STM32F4xx_HAL_Driver/Src/stm32f4xx_hal.o
 .debug_macro   0x0001c89f       0x10 Drivers/STM32F4xx_HAL_Driver/Src/stm32f4xx_hal.o
 .debug_macro   0x0001c8af       0x58 Drivers/STM32F4xx_HAL_Driver/Src/stm32f4xx_hal.o
 .debug_macro   0x0001c907       0x1f Drivers/STM32F4xx_HAL_Driver/Src/stm32f4xx_hal.o
 .debug_macro   0x0001c926       0x43 Drivers/STM32F4xx_HAL_Driver/Src/stm32f4xx_hal.o
 .debug_macro   0x0001c969       0x20 Drivers/STM32F4xx_HAL_Driver/Src/stm32f4xx_hal.o
 .debug_macro   0x0001c989      0x18e Drivers/STM32F4xx_HAL_Driver/Src/stm32f4xx_hal.o
 .debug_macro   0x0001cb17       0x10 Drivers/STM32F4xx_HAL_Driver/Src/stm32f4xx_hal.o
 .debug_macro   0x0001cb27       0x1c Drivers/STM32F4xx_HAL_Driver/Src/stm32f4xx_hal.o
 .debug_macro   0x0001cb43       0x52 Drivers/STM32F4xx_HAL_Driver/Src/stm32f4xx_hal.o
 .debug_macro   0x0001cb95       0x40 Drivers/STM32F4xx_HAL_Driver/Src/stm32f4xx_hal.o
 .debug_macro   0x0001cbd5       0x10 Drivers/STM32F4xx_HAL_Driver/Src/stm32f4xx_hal.o
 .debug_macro   0x0001cbe5       0x40 Drivers/STM32F4xx_HAL_Driver/Src/stm32f4xx_hal.o
 .debug_macro   0x0001cc25       0xd7 Drivers/STM32F4xx_HAL_Driver/Src/stm32f4xx_hal.o
 .debug_macro   0x0001ccfc       0x1c Drivers/STM32F4xx_HAL_Driver/Src/stm32f4xx_hal.o
 .debug_macro   0x0001cd18       0x3d Drivers/STM32F4xx_HAL_Driver/Src/stm32f4xx_hal.o
 .debug_macro   0x0001cd55       0x16 Drivers/STM32F4xx_HAL_Driver/Src/stm32f4xx_hal.o
 .debug_macro   0x0001cd6b      0x16f Drivers/STM32F4xx_HAL_Driver/Src/stm32f4xx_hal.o
 .debug_macro   0x0001ceda       0x50 Drivers/STM32F4xx_HAL_Driver/Src/stm32f4xx_hal.o
 .debug_macro   0x0001cf2a      0xc90 Drivers/STM32F4xx_HAL_Driver/Src/stm32f4xx_hal.o
 .debug_macro   0x0001dbba      0xa02 Drivers/STM32F4xx_HAL_Driver/Src/stm32f4xx_hal.o
 .debug_macro   0x0001e5bc      0x11e Drivers/STM32F4xx_HAL_Driver/Src/stm32f4xx_hal.o
 .debug_macro   0x0001e6da      0x1a0 Drivers/STM32F4xx_HAL_Driver/Src/stm32f4xx_hal.o
 .debug_macro   0x0001e87a       0x27 Drivers/STM32F4xx_HAL_Driver/Src/stm32f4xx_hal.o
 .debug_macro   0x0001e8a1      0x287 Drivers/STM32F4xx_HAL_Driver/Src/stm32f4xx_hal.o
 .debug_macro   0x0001eb28       0x5f Drivers/STM32F4xx_HAL_Driver/Src/stm32f4xx_hal.o
 .debug_macro   0x0001eb87      0x23a Drivers/STM32F4xx_HAL_Driver/Src/stm32f4xx_hal.o
 .debug_macro   0x0001edc1      0x3f3 Drivers/STM32F4xx_HAL_Driver/Src/stm32f4xx_hal.o
 .debug_macro   0x0001f1b4      0x13a Drivers/STM32F4xx_HAL_Driver/Src/stm32f4xx_hal.o
 .debug_macro   0x0001f2ee      0x29c Drivers/STM32F4xx_HAL_Driver/Src/stm32f4xx_hal.o
 .debug_macro   0x0001f58a       0x2e Drivers/STM32F4xx_HAL_Driver/Src/stm32f4xx_hal.o
 .debug_macro   0x0001f5b8      0x11e Drivers/STM32F4xx_HAL_Driver/Src/stm32f4xx_hal.o
 .debug_macro   0x0001f6d6       0xe8 Drivers/STM32F4xx_HAL_Driver/Src/stm32f4xx_hal.o
 .debug_macro   0x0001f7be       0x89 Drivers/STM32F4xx_HAL_Driver/Src/stm32f4xx_hal.o
 .debug_macro   0x0001f847      0x6e0 Drivers/STM32F4xx_HAL_Driver/Src/stm32f4xx_hal.o
 .debug_macro   0x0001ff27       0x60 Drivers/STM32F4xx_HAL_Driver/Src/stm32f4xx_hal.o
 .debug_macro   0x0001ff87      0x14d Drivers/STM32F4xx_HAL_Driver/Src/stm32f4xx_hal.o
 .debug_macro   0x000200d4      0x287 Drivers/STM32F4xx_HAL_Driver/Src/stm32f4xx_hal.o
 .debug_macro   0x0002035b      0x12d Drivers/STM32F4xx_HAL_Driver/Src/stm32f4xx_hal.o
 .debug_macro   0x00020488      0x38f Drivers/STM32F4xx_HAL_Driver/Src/stm32f4xx_hal_can.o
 .debug_macro   0x00020817      0x387 Drivers/STM32F4xx_HAL_Driver/Src/stm32f4xx_hal_cortex.o
 .debug_macro   0x00020b9e      0x3bf Drivers/STM32F4xx_HAL_Driver/Src/stm32f4xx_hal_gpio.o
 .debug_macro   0x00020f5d      0x39f Drivers/STM32F4xx_HAL_Driver/Src/stm32f4xx_hal_pwr.o
 .debug_macro   0x000212fc      0x3ab Drivers/STM32F4xx_HAL_Driver/Src/stm32f4xx_hal_rcc.o
 .debug_macro   0x000216a7      0x387 Drivers/STM32F4xx_HAL_Driver/Src/stm32f4xx_hal_rcc_ex.o
 .debug_macro   0x00021a2e      0x388 Drivers/STM32F4xx_HAL_Driver/Src/stm32f4xx_hal_uart.o
 .debug_macro   0x00021db6      0x3f8 Src/Data_Transmission_functional_unit.o
 .debug_macro   0x000221ae       0x70 Src/Data_Transmission_functional_unit.o
 .debug_macro   0x0002221e       0x16 Src/Data_Transmission_functional_unit.o
 .debug_macro   0x00022234       0x35 Src/Data_Transmission_functional_unit.o
 .debug_macro   0x00022269       0x16 Src/Data_Transmission_functional_unit.o
 .debug_macro   0x0002227f       0x16 Src/Data_Transmission_functional_unit.o
 .debug_macro   0x00022295       0x29 Src/Data_Transmission_functional_unit.o
 .debug_macro   0x000222be      0x3ee Src/Diagnostic_Communication_Management_functional_unit.o
 .debug_macro   0x000226ac      0x184 Src/InputOutput_Control_functional_unit.o
 .debug_macro   0x00022830       0x6a Src/InputOutput_Control_functional_unit.o
 .debug_macro   0x0002289a       0x28 Src/InputOutput_Control_functional_unit.o
 .debug_macro   0x000228c2      0x174 Src/InputOutput_Control_functional_unit.o
 .debug_macro   0x00022a36       0x10 Src/InputOutput_Control_functional_unit.o
 .debug_macro   0x00022a46      0x3f8 Src/Routine_functional_unit.o
 .debug_macro   0x00022e3e       0x22 Src/Routine_functional_unit.o
 .debug_macro   0x00022e60      0x3f2 Src/Stored_Data_Transmission_functional_unit.o
 .debug_macro   0x00023252       0xe8 Src/Stored_Data_Transmission_functional_unit.o
 .debug_macro   0x0002333a      0x3ee Src/Upload_Download_functional_unit.o
 .debug_macro   0x00023728      0x392 Src/it.o
 .debug_macro   0x00023aba       0x35 Src/it.o
 .debug_macro   0x00023aef      0x3b4 Src/main.o
 .debug_macro   0x00023ea3       0x58 Src/main.o
 .debug_macro   0x00023efb       0x94 Src/main.o
 .debug_macro   0x00023f8f       0x57 Src/main.o
 .debug_macro   0x00023fe6       0x1c Src/main.o
 .debug_macro   0x00024002      0x392 Src/msp.o
 .debug_macro   0x00024394      0x398 Src/system_stm32f4xx.o

.debug_line     0x00000000     0xda04
 .debug_line    0x00000000      0xb59 Drivers/STM32F4xx_HAL_Driver/Src/stm32f4xx_hal.o
 .debug_line    0x00000b59      0xee6 Drivers/STM32F4xx_HAL_Driver/Src/stm32f4xx_hal_can.o
 .debug_line    0x00001a3f      0xbb4 Drivers/STM32F4xx_HAL_Driver/Src/stm32f4xx_hal_cortex.o
 .debug_line    0x000025f3      0xaf2 Drivers/STM32F4xx_HAL_Driver/Src/stm32f4xx_hal_gpio.o
 .debug_line    0x000030e5      0xaeb Drivers/STM32F4xx_HAL_Driver/Src/stm32f4xx_hal_pwr.o
 .debug_line    0x00003bd0      0xbf0 Drivers/STM32F4xx_HAL_Driver/Src/stm32f4xx_hal_rcc.o
 .debug_line    0x000047c0      0xdb3 Drivers/STM32F4xx_HAL_Driver/Src/stm32f4xx_hal_rcc_ex.o
 .debug_line    0x00005573     0x1284 Drivers/STM32F4xx_HAL_Driver/Src/stm32f4xx_hal_uart.o
 .debug_line    0x000067f7      0xdd6 Src/Data_Transmission_functional_unit.o
 .debug_line    0x000075cd      0xf75 Src/Diagnostic_Communication_Management_functional_unit.o
 .debug_line    0x00008542      0x52e Src/InputOutput_Control_functional_unit.o
 .debug_line    0x00008a70      0xa64 Src/Routine_functional_unit.o
 .debug_line    0x000094d4     0x1133 Src/Stored_Data_Transmission_functional_unit.o